Archive member included to satisfy reference by file (symbol)

.build/obj_nullbitsco_scramble_v1_carterhanks_2/i2c_master.a(i2c_master.o)
                              .build/obj_nullbitsco_scramble_v1_carterhanks_2/ssd1306_sh1106.o (i2c_init)
c:/qmk_msys/mingw64/bin/../lib/gcc/avr/8.5.0/avr5\libgcc.a(_udivmodqi4.o)
                              .build/obj_nullbitsco_scramble_v1_carterhanks_2/ssd1306_sh1106.o (__udivmodqi4)
c:/qmk_msys/mingw64/bin/../lib/gcc/avr/8.5.0/avr5\libgcc.a(_udivmodhi4.o)
                              .build/obj_nullbitsco_scramble_v1_carterhanks_2/ssd1306_sh1106.o (__udivmodhi4)
c:/qmk_msys/mingw64/bin/../lib/gcc/avr/8.5.0/avr5\libgcc.a(_divmodhi4.o)
                              .build/obj_nullbitsco_scramble_v1_carterhanks_2/quantum/mousekey.o (__divmodhi4)
c:/qmk_msys/mingw64/bin/../lib/gcc/avr/8.5.0/avr5\libgcc.a(_udivmodsi4.o)
                              .build/obj_nullbitsco_scramble_v1_carterhanks_2/quantum/quantum.o (__udivmodsi4)
c:/qmk_msys/mingw64/bin/../lib/gcc/avr/8.5.0/avr5\libgcc.a(_exit.o)
                              c:/qmk_msys/mingw64/bin/../lib/gcc/avr/8.5.0/../../../../avr/lib/avr5/crtatmega328p.o (exit)
c:/qmk_msys/mingw64/bin/../lib/gcc/avr/8.5.0/avr5\libgcc.a(_tablejump2.o)
                              .build/obj_nullbitsco_scramble_v1_carterhanks_2/quantum/action.o (__tablejump2__)
c:/qmk_msys/mingw64/bin/../lib/gcc/avr/8.5.0/avr5\libgcc.a(_copy_data.o)
                              .build/obj_nullbitsco_scramble_v1_carterhanks_2/quantum/quantum.o (__do_copy_data)
c:/qmk_msys/mingw64/bin/../lib/gcc/avr/8.5.0/avr5\libgcc.a(_clear_bss.o)
                              .build/obj_nullbitsco_scramble_v1_carterhanks_2/quantum/keymap_introspection.o (__do_clear_bss)
c:/qmk_msys/mingw64/bin/../lib/gcc/avr/8.5.0/avr5\libgcc.a(_bswapsi2.o)
                              .build/obj_nullbitsco_scramble_v1_carterhanks_2/quantum/via.o (__bswapsi2)
c:/qmk_msys/mingw64/bin/../lib/gcc/avr/8.5.0/avr5\libgcc.a(_prologue.o)
                              .build/obj_nullbitsco_scramble_v1_carterhanks_2/quantum/quantum.o (__prologue_saves__)
c:/qmk_msys/mingw64/bin/../lib/gcc/avr/8.5.0/avr5\libgcc.a(_epilogue.o)
                              .build/obj_nullbitsco_scramble_v1_carterhanks_2/quantum/quantum.o (__epilogue_restores__)
c:/qmk_msys/mingw64/bin/../lib/gcc/avr/8.5.0/../../../../avr/lib/avr5\libc.a(rand.o)
                              .build/obj_nullbitsco_scramble_v1_carterhanks_2/quantum/send_string/send_string.o (rand)
c:/qmk_msys/mingw64/bin/../lib/gcc/avr/8.5.0/../../../../avr/lib/avr5\libc.a(memcpy_P.o)
                              .build/obj_nullbitsco_scramble_v1_carterhanks_2/ssd1306_sh1106.o (memcpy_P)
c:/qmk_msys/mingw64/bin/../lib/gcc/avr/8.5.0/../../../../avr/lib/avr5\libc.a(memcmp.o)
                              .build/obj_nullbitsco_scramble_v1_carterhanks_2/quantum/matrix.o (memcmp)
c:/qmk_msys/mingw64/bin/../lib/gcc/avr/8.5.0/../../../../avr/lib/avr5\libc.a(memcpy.o)
                              .build/obj_nullbitsco_scramble_v1_carterhanks_2/quantum/debounce/sym_defer_g.o (memcpy)
c:/qmk_msys/mingw64/bin/../lib/gcc/avr/8.5.0/../../../../avr/lib/avr5\libatmega328p.a(eerd_byte.o)
                              .build/obj_nullbitsco_scramble_v1_carterhanks_2/quantum/eeconfig.o (eeprom_read_byte)
c:/qmk_msys/mingw64/bin/../lib/gcc/avr/8.5.0/../../../../avr/lib/avr5\libatmega328p.a(eerd_dword.o)
                              .build/obj_nullbitsco_scramble_v1_carterhanks_2/quantum/eeconfig.o (eeprom_read_dword)
c:/qmk_msys/mingw64/bin/../lib/gcc/avr/8.5.0/../../../../avr/lib/avr5\libatmega328p.a(eerd_word.o)
                              .build/obj_nullbitsco_scramble_v1_carterhanks_2/quantum/eeconfig.o (eeprom_read_word)
c:/qmk_msys/mingw64/bin/../lib/gcc/avr/8.5.0/../../../../avr/lib/avr5\libatmega328p.a(eeupd_byte.o)
                              .build/obj_nullbitsco_scramble_v1_carterhanks_2/quantum/eeconfig.o (eeprom_update_byte)
c:/qmk_msys/mingw64/bin/../lib/gcc/avr/8.5.0/../../../../avr/lib/avr5\libatmega328p.a(eeupd_dword.o)
                              .build/obj_nullbitsco_scramble_v1_carterhanks_2/quantum/eeconfig.o (eeprom_update_dword)
c:/qmk_msys/mingw64/bin/../lib/gcc/avr/8.5.0/../../../../avr/lib/avr5\libatmega328p.a(eeupd_word.o)
                              .build/obj_nullbitsco_scramble_v1_carterhanks_2/quantum/eeconfig.o (eeprom_update_word)
c:/qmk_msys/mingw64/bin/../lib/gcc/avr/8.5.0/../../../../avr/lib/avr5\libatmega328p.a(eerd_block.o)
                              c:/qmk_msys/mingw64/bin/../lib/gcc/avr/8.5.0/../../../../avr/lib/avr5\libatmega328p.a(eerd_dword.o) (eeprom_read_blraw)
c:/qmk_msys/mingw64/bin/../lib/gcc/avr/8.5.0/avr5\libgcc.a(_divmodsi4.o)
                              c:/qmk_msys/mingw64/bin/../lib/gcc/avr/8.5.0/../../../../avr/lib/avr5\libc.a(rand.o) (__divmodsi4)
c:/qmk_msys/mingw64/bin/../lib/gcc/avr/8.5.0/avr5\libgcc.a(_negsi2.o)
[...]
Memory Configuration

Name             Origin             Length             Attributes
text             0x0000000000000000 0x0000000000020000 xr
data             0x0000000000800060 0x000000000000ffa0 rw !x
eeprom           0x0000000000810000 0x0000000000010000 rw !x
fuse             0x0000000000820000 0x0000000000000003 rw !x
lock             0x0000000000830000 0x0000000000000400 rw !x
signature        0x0000000000840000 0x0000000000000400 rw !x
user_signatures  0x0000000000850000 0x0000000000000400 rw !x
*default*        0x0000000000000000 0xffffffffffffffff

Linker script and memory map

Address of section .data set to 0x800100
LOAD c:/qmk_msys/mingw64/bin/../lib/gcc/avr/8.5.0/../../../../avr/lib/avr5/crtatmega328p.o
LOAD .build/obj_nullbitsco_scramble_v1_carterhanks_2/keyboards/nullbitsco/scramble/v1/v1.o
LOAD .build/obj_nullbitsco_scramble_v1_carterhanks_2/.build/obj_nullbitsco_scramble_v1/src/default_keyboard.o
LOAD .build/obj_nullbitsco_scramble_v1_carterhanks_2/quantum/keymap_introspection.o
LOAD .build/obj_nullbitsco_scramble_v1_carterhanks_2/quantum/quantum.o
LOAD .build/obj_nullbitsco_scramble_v1_carterhanks_2/quantum/bitwise.o
LOAD .build/obj_nullbitsco_scramble_v1_carterhanks_2/quantum/led.o
LOAD .build/obj_nullbitsco_scramble_v1_carterhanks_2/quantum/action.o
LOAD .build/obj_nullbitsco_scramble_v1_carterhanks_2/quantum/action_layer.o
LOAD .build/obj_nullbitsco_scramble_v1_carterhanks_2/quantum/action_tapping.o
LOAD .build/obj_nullbitsco_scramble_v1_carterhanks_2/quantum/action_util.o
LOAD .build/obj_nullbitsco_scramble_v1_carterhanks_2/quantum/eeconfig.o
LOAD .build/obj_nullbitsco_scramble_v1_carterhanks_2/quantum/keyboard.o
LOAD .build/obj_nullbitsco_scramble_v1_carterhanks_2/quantum/keymap_common.o
LOAD .build/obj_nullbitsco_scramble_v1_carterhanks_2/quantum/keycode_config.o
LOAD .build/obj_nullbitsco_scramble_v1_carterhanks_2/quantum/sync_timer.o
LOAD .build/obj_nullbitsco_scramble_v1_carterhanks_2/quantum/logging/debug.o
LOAD .build/obj_nullbitsco_scramble_v1_carterhanks_2/quantum/logging/sendchar.o
LOAD .build/obj_nullbitsco_scramble_v1_carterhanks_2/quantum/bootmagic/bootmagic_lite.o
LOAD .build/obj_nullbitsco_scramble_v1_carterhanks_2/quantum/bootmagic/magic.o
LOAD .build/obj_nullbitsco_scramble_v1_carterhanks_2/quantum/matrix_common.o
LOAD .build/obj_nullbitsco_scramble_v1_carterhanks_2/quantum/matrix.o
LOAD .build/obj_nullbitsco_scramble_v1_carterhanks_2/quantum/debounce/sym_defer_g.o
LOAD .build/obj_nullbitsco_scramble_v1_carterhanks_2/quantum/main.o
LOAD .build/obj_nullbitsco_scramble_v1_carterhanks_2/quantum/mousekey.o
LOAD .build/obj_nullbitsco_scramble_v1_carterhanks_2/quantum/via.o
LOAD .build/obj_nullbitsco_scramble_v1_carterhanks_2/ssd1306_sh1106.o
LOAD .build/obj_nullbitsco_scramble_v1_carterhanks_2/quantum/process_keycode/process_magic.o
LOAD .build/obj_nullbitsco_scramble_v1_carterhanks_2/quantum/send_string/send_string.o
LOAD .build/obj_nullbitsco_scramble_v1_carterhanks_2/quantum/encoder.o
LOAD .build/obj_nullbitsco_scramble_v1_carterhanks_2/quantum/dynamic_keymap.o
LOAD .build/obj_nullbitsco_scramble_v1_carterhanks_2/quantum/process_keycode/process_grave_esc.o
LOAD .build/obj_nullbitsco_scramble_v1_carterhanks_2/quantum/process_keycode/process_space_cadet.o
LOAD .build/obj_nullbitsco_scramble_v1_carterhanks_2/quantum/process_keycode/process_tri_layer.o
LOAD .build/obj_nullbitsco_scramble_v1_carterhanks_2/quantum/tri_layer.o
LOAD .build/obj_nullbitsco_scramble_v1_carterhanks_2/i2c_master.a
LOAD .build/obj_nullbitsco_scramble_v1_carterhanks_2/platforms/avr/xprintf.o
LOAD .build/obj_nullbitsco_scramble_v1_carterhanks_2/platforms/avr/printf.o
LOAD .build/obj_nullbitsco_scramble_v1_carterhanks_2/protocol/host.o
LOAD .build/obj_nullbitsco_scramble_v1_carterhanks_2/protocol/report.o
LOAD .build/obj_nullbitsco_scramble_v1_carterhanks_2/protocol/usb_device_state.o
LOAD .build/obj_nullbitsco_scramble_v1_carterhanks_2/protocol/usb_util.o
LOAD .build/obj_nullbitsco_scramble_v1_carterhanks_2/platforms/suspend.o
LOAD .build/obj_nullbitsco_scramble_v1_carterhanks_2/platforms/synchronization_util.o
LOAD .build/obj_nullbitsco_scramble_v1_carterhanks_2/platforms/timer.o
LOAD .build/obj_nullbitsco_scramble_v1_carterhanks_2/platforms/avr/hardware_id.o
LOAD .build/obj_nullbitsco_scramble_v1_carterhanks_2/platforms/avr/platform.o
LOAD .build/obj_nullbitsco_scramble_v1_carterhanks_2/platforms/avr/suspend.o
LOAD .build/obj_nullbitsco_scramble_v1_carterhanks_2/platforms/avr/timer.o
LOAD .build/obj_nullbitsco_scramble_v1_carterhanks_2/platforms/avr/bootloaders/usbasploader.o
LOAD .build/obj_nullbitsco_scramble_v1_carterhanks_2/protocol/vusb/protocol.o
LOAD .build/obj_nullbitsco_scramble_v1_carterhanks_2/protocol/vusb/vusb.o
LOAD .build/obj_nullbitsco_scramble_v1_carterhanks_2/protocol/vusb/usb_util.o
LOAD .build/obj_nullbitsco_scramble_v1_carterhanks_2/lib/vusb/usbdrv/usbdrv.o
LOAD .build/obj_nullbitsco_scramble_v1_carterhanks_2/lib/vusb/usbdrv/usbdrvasm.o
LOAD .build/obj_nullbitsco_scramble_v1_carterhanks_2/lib/vusb/usbdrv/oddebug.o
LOAD c:/qmk_msys/mingw64/bin/../lib/gcc/avr/8.5.0/../../../../avr/lib/avr5\libm.a
START GROUP
LOAD c:/qmk_msys/mingw64/bin/../lib/gcc/avr/8.5.0/avr5\libgcc.a
LOAD c:/qmk_msys/mingw64/bin/../lib/gcc/avr/8.5.0/../../../../avr/lib/avr5\libm.a
LOAD c:/qmk_msys/mingw64/bin/../lib/gcc/avr/8.5.0/../../../../avr/lib/avr5\libc.a
LOAD c:/qmk_msys/mingw64/bin/../lib/gcc/avr/8.5.0/../../../../avr/lib/avr5\libatmega328p.a
END GROUP
                0x0000000000020000                __TEXT_REGION_LENGTH__ = DEFINED (__TEXT_REGION_LENGTH__)?__TEXT_REGION_LENGTH__:0x20000
                0x000000000000ffa0                __DATA_REGION_LENGTH__ = DEFINED (__DATA_REGION_LENGTH__)?__DATA_REGION_LENGTH__:0xffa0
                0x0000000000010000                __EEPROM_REGION_LENGTH__ = DEFINED (__EEPROM_REGION_LENGTH__)?__EEPROM_REGION_LENGTH__:0x10000
                [0x0000000000000003]                __FUSE_REGION_LENGTH__ = DEFINED (__FUSE_REGION_LENGTH__)?__FUSE_REGION_LENGTH__:0x400
                0x0000000000000400                __LOCK_REGION_LENGTH__ = DEFINED (__LOCK_REGION_LENGTH__)?__LOCK_REGION_LENGTH__:0x400
                0x0000000000000400                __SIGNATURE_REGION_LENGTH__ = DEFINED (__SIGNATURE_REGION_LENGTH__)?__SIGNATURE_REGION_LENGTH__:0x400
                0x0000000000000400                __USER_SIGNATURE_REGION_LENGTH__ = DEFINED (__USER_SIGNATURE_REGION_LENGTH__)?__USER_SIGNATURE_REGION_LENGTH__:0x400

.hash
 *(.hash)

.dynsym
 *(.dynsym)

.dynstr
 *(.dynstr)

.gnu.version
 *(.gnu.version)

.gnu.version_d
 *(.gnu.version_d)

.gnu.version_r
 *(.gnu.version_r)

.rel.init
 *(.rel.init)

.rela.init
 *(.rela.init)

.rel.text
 *(.rel.text)
 *(.rel.text.*)
 *(.rel.gnu.linkonce.t*)

.rela.text
 *(.rela.text)
 *(.rela.text.*)
 *(.rela.gnu.linkonce.t*)

.rel.fini
 *(.rel.fini)

.rela.fini
 *(.rela.fini)

.rel.rodata
 *(.rel.rodata)
 *(.rel.rodata.*)
 *(.rel.gnu.linkonce.r*)

.rela.rodata
 *(.rela.rodata)
 *(.rela.rodata.*)
 *(.rela.gnu.linkonce.r*)

.rel.data
 *(.rel.data)
 *(.rel.data.*)
 *(.rel.gnu.linkonce.d*)

.rela.data
 *(.rela.data)
 *(.rela.data.*)
 *(.rela.gnu.linkonce.d*)

.rel.ctors
 *(.rel.ctors)

.rela.ctors
 *(.rela.ctors)

.rel.dtors
 *(.rel.dtors)

.rela.dtors
 *(.rela.dtors)

.rel.got
 *(.rel.got)

.rela.got
 *(.rela.got)

.rel.bss
 *(.rel.bss)

.rela.bss
 *(.rela.bss)

.rel.plt
 *(.rel.plt)

.rela.plt
 *(.rela.plt)

.text           0x0000000000000000     0x5128
 *(.vectors)
 .vectors       0x0000000000000000       0x68 c:/qmk_msys/mingw64/bin/../lib/gcc/avr/8.5.0/../../../../avr/lib/avr5/crtatmega328p.o
                0x0000000000000000                __vector_default
                0x0000000000000000                __vectors
 *(.vectors)
 *(.progmem.gcc*)
                0x0000000000000068                . = ALIGN (0x2)
                0x0000000000000068                __trampolines_start = .
 *(.trampolines)
 .trampolines   0x0000000000000068        0x0 linker stubs
 *(.trampolines*)
                0x0000000000000068                __trampolines_end = .
 *libprintf_flt.a:*(.progmem.data)
 *libc.a:*(.progmem.data)
 *(.progmem.*)
 .progmem.data.__c.4772
                0x0000000000000068       0x16 .build/obj_nullbitsco_scramble_v1_carterhanks_2/quantum/keymap_introspection.o
 .progmem.data.__c.4770
                0x000000000000007e       0x16 .build/obj_nullbitsco_scramble_v1_carterhanks_2/quantum/keymap_introspection.o
 .progmem.data.__c.4768
                0x0000000000000094       0x16 .build/obj_nullbitsco_scramble_v1_carterhanks_2/quantum/keymap_introspection.o
 .progmem.data.__c.4766
                0x00000000000000aa        0xe .build/obj_nullbitsco_scramble_v1_carterhanks_2/quantum/keymap_introspection.o
 .progmem.data.__c.4763
                0x00000000000000b8       0x16 .build/obj_nullbitsco_scramble_v1_carterhanks_2/quantum/keymap_introspection.o
 .progmem.data.__c.4761
                0x00000000000000ce       0x16 .build/obj_nullbitsco_scramble_v1_carterhanks_2/quantum/keymap_introspection.o
 .progmem.data.__c.4759
                0x00000000000000e4       0x16 .build/obj_nullbitsco_scramble_v1_carterhanks_2/quantum/keymap_introspection.o
 .progmem.data.__c.4757
                0x00000000000000fa       0x16 .build/obj_nullbitsco_scramble_v1_carterhanks_2/quantum/keymap_introspection.o
 .progmem.data.__c.4755
                0x0000000000000110        0xe .build/obj_nullbitsco_scramble_v1_carterhanks_2/quantum/keymap_introspection.o
 .progmem.data.__c.4752
                0x000000000000011e       0x16 .build/obj_nullbitsco_scramble_v1_carterhanks_2/quantum/keymap_introspection.o
 .progmem.data.__c.4750
                0x0000000000000134       0x16 .build/obj_nullbitsco_scramble_v1_carterhanks_2/quantum/keymap_introspection.o
 .progmem.data.__c.4748
                0x000000000000014a       0x16 .build/obj_nullbitsco_scramble_v1_carterhanks_2/quantum/keymap_introspection.o
 .progmem.data.__c.4746
                0x0000000000000160        0xe .build/obj_nullbitsco_scramble_v1_carterhanks_2/quantum/keymap_introspection.o
 .progmem.data.__c.4742
                0x000000000000016e       0x16 .build/obj_nullbitsco_scramble_v1_carterhanks_2/quantum/keymap_introspection.o
 .progmem.data.__c.4740
                0x0000000000000184       0x16 .build/obj_nullbitsco_scramble_v1_carterhanks_2/quantum/keymap_introspection.o
 .progmem.data.__c.4738
                0x000000000000019a       0x16 .build/obj_nullbitsco_scramble_v1_carterhanks_2/quantum/keymap_introspection.o
 .progmem.data.__c.4736
                0x00000000000001b0        0xe .build/obj_nullbitsco_scramble_v1_carterhanks_2/quantum/keymap_introspection.o
 .progmem.data.__c.4733
                0x00000000000001be        0x9 .build/obj_nullbitsco_scramble_v1_carterhanks_2/quantum/keymap_introspection.o
 .progmem.data.keymaps
                0x00000000000001c7       0x30 .build/obj_nullbitsco_scramble_v1_carterhanks_2/quantum/keymap_introspection.o
                0x00000000000001c7                keymaps
 .progmem.data.display_off.2307
                0x00000000000001f7        0x2 .build/obj_nullbitsco_scramble_v1_carterhanks_2/ssd1306_sh1106.o
 .progmem.data.display_on.2303
                0x00000000000001f9        0x2 .build/obj_nullbitsco_scramble_v1_carterhanks_2/ssd1306_sh1106.o
 .progmem.data.display_setup2.2130
                0x00000000000001fb        0xd .build/obj_nullbitsco_scramble_v1_carterhanks_2/ssd1306_sh1106.o
 .progmem.data.display_flipped.2129
                0x0000000000000208        0x3 .build/obj_nullbitsco_scramble_v1_carterhanks_2/ssd1306_sh1106.o
 .progmem.data.display_normal.2128
                0x000000000000020b        0x3 .build/obj_nullbitsco_scramble_v1_carterhanks_2/ssd1306_sh1106.o
 .progmem.data.display_setup1.2127
                0x000000000000020e        0xd .build/obj_nullbitsco_scramble_v1_carterhanks_2/ssd1306_sh1106.o
 .progmem.data.font
                0x000000000000021b      0x540 .build/obj_nullbitsco_scramble_v1_carterhanks_2/ssd1306_sh1106.o
 .progmem.data.ascii_to_keycode_lut
                0x000000000000075b       0x80 .build/obj_nullbitsco_scramble_v1_carterhanks_2/quantum/send_string/send_string.o
                0x000000000000075b                ascii_to_keycode_lut
 .progmem.data.ascii_to_dead_lut
                0x00000000000007db       0x10 .build/obj_nullbitsco_scramble_v1_carterhanks_2/quantum/send_string/send_string.o
                0x00000000000007db                ascii_to_dead_lut
 .progmem.data.ascii_to_altgr_lut
                0x00000000000007eb       0x10 .build/obj_nullbitsco_scramble_v1_carterhanks_2/quantum/send_string/send_string.o
                0x00000000000007eb                ascii_to_altgr_lut
 .progmem.data.ascii_to_shift_lut
                0x00000000000007fb       0x10 .build/obj_nullbitsco_scramble_v1_carterhanks_2/quantum/send_string/send_string.o
                0x00000000000007fb                ascii_to_shift_lut
 .progmem.data.usbConfigurationDescriptor
                0x000000000000080b       0x5b .build/obj_nullbitsco_scramble_v1_carterhanks_2/protocol/vusb/vusb.o
                0x000000000000080b                usbConfigurationDescriptor
 .progmem.data.usbDeviceDescriptor
                0x0000000000000866       0x12 .build/obj_nullbitsco_scramble_v1_carterhanks_2/protocol/vusb/vusb.o
                0x0000000000000866                usbDeviceDescriptor
 .progmem.data.usbStringDescriptorProduct
                0x0000000000000878       0x14 .build/obj_nullbitsco_scramble_v1_carterhanks_2/protocol/vusb/vusb.o
                0x0000000000000878                usbStringDescriptorProduct
 .progmem.data.usbStringDescriptorManufacturer
                0x000000000000088c       0x14 .build/obj_nullbitsco_scramble_v1_carterhanks_2/protocol/vusb/vusb.o
                0x000000000000088c                usbStringDescriptorManufacturer
 .progmem.data.usbStringDescriptorZero
                0x00000000000008a0        0x4 .build/obj_nullbitsco_scramble_v1_carterhanks_2/protocol/vusb/vusb.o
                0x00000000000008a0                usbStringDescriptorZero
 .progmem.data.raw_hid_report
                0x00000000000008a4       0x22 .build/obj_nullbitsco_scramble_v1_carterhanks_2/protocol/vusb/vusb.o
                0x00000000000008a4                raw_hid_report
 .progmem.data.shared_hid_report
                0x00000000000008c6       0x7b .build/obj_nullbitsco_scramble_v1_carterhanks_2/protocol/vusb/vusb.o
                0x00000000000008c6                shared_hid_report
 .progmem.data.keyboard_hid_report
                0x0000000000000941       0x40 .build/obj_nullbitsco_scramble_v1_carterhanks_2/protocol/vusb/vusb.o
                0x0000000000000941                keyboard_hid_report
                0x0000000000000982                . = ALIGN (0x2)
 *fill*         0x0000000000000981        0x1 
 *(.lowtext)
 *(.lowtext*)
                0x0000000000000982                __ctors_start = .
 *(.ctors)
                0x0000000000000982                __ctors_end = .
                0x0000000000000982                __dtors_start = .
 *(.dtors)
                0x0000000000000982                __dtors_end = .
 SORT_BY_NAME(*)(.ctors)
 SORT_BY_NAME(*)(.dtors)
 *(.init0)
 .init0         0x0000000000000982        0x0 c:/qmk_msys/mingw64/bin/../lib/gcc/avr/8.5.0/../../../../avr/lib/avr5/crtatmega328p.o
                0x0000000000000982                __init
 *(.init0)
 *(.init1)
 *(.init1)
 *(.init2)
 .init2         0x0000000000000982        0xc c:/qmk_msys/mingw64/bin/../lib/gcc/avr/8.5.0/../../../../avr/lib/avr5/crtatmega328p.o
 *(.init2)
 *(.init3)
 *(.init3)
 *(.init4)
 .init4         0x000000000000098e       0x16 c:/qmk_msys/mingw64/bin/../lib/gcc/avr/8.5.0/avr5\libgcc.a(_copy_data.o)
                0x000000000000098e                __do_copy_data
 .init4         0x00000000000009a4       0x10 c:/qmk_msys/mingw64/bin/../lib/gcc/avr/8.5.0/avr5\libgcc.a(_clear_bss.o)
                0x00000000000009a4                __do_clear_bss
 *(.init4)
 *(.init5)
 *(.init5)
 *(.init6)
 *(.init6)
 *(.init7)
 *(.init7)
 *(.init8)
 *(.init8)
 *(.init9)
 .init9         0x00000000000009b4        0x8 c:/qmk_msys/mingw64/bin/../lib/gcc/avr/8.5.0/../../../../avr/lib/avr5/crtatmega328p.o
 *(.init9)
 *(.text)
 .text          0x00000000000009bc        0x4 c:/qmk_msys/mingw64/bin/../lib/gcc/avr/8.5.0/../../../../avr/lib/avr5/crtatmega328p.o
                0x00000000000009bc                __vector_22
                0x00000000000009bc                __vector_1
                0x00000000000009bc                __vector_24
                0x00000000000009bc                __vector_12
                0x00000000000009bc                __bad_interrupt
                0x00000000000009bc                __vector_3
                0x00000000000009bc                __vector_23
                0x00000000000009bc                __vector_25
                0x00000000000009bc                __vector_11
                0x00000000000009bc                __vector_13
                0x00000000000009bc                __vector_17
                0x00000000000009bc                __vector_19
                0x00000000000009bc                __vector_7
                0x00000000000009bc                __vector_5
                0x00000000000009bc                __vector_4
                0x00000000000009bc                __vector_9
                0x00000000000009bc                __vector_21
                0x00000000000009bc                __vector_15
                0x00000000000009bc                __vector_8
                0x00000000000009bc                __vector_10
                0x00000000000009bc                __vector_16
                0x00000000000009bc                __vector_18
                0x00000000000009bc                __vector_20
 .text          0x00000000000009c0      0x2b4 .build/obj_nullbitsco_scramble_v1_carterhanks_2/lib/vusb/usbdrv/usbdrvasm.o
                0x00000000000009c0                usbCrc16
                0x00000000000009ea                usbCrc16Append
                0x00000000000009f2                __vector_2
                0x0000000000000c74                . = ALIGN (0x2)
 *(.text.*)
 .text.set_scramble_LED
                0x0000000000000c74       0x1c .build/obj_nullbitsco_scramble_v1_carterhanks_2/keyboards/nullbitsco/scramble/v1/v1.o
                0x0000000000000c74                set_scramble_LED
 .text.oled_task_user
                0x0000000000000c90       0xd2 .build/obj_nullbitsco_scramble_v1_carterhanks_2/quantum/keymap_introspection.o
                0x0000000000000c90                oled_task_user
 .text.matrix_init_user
                0x0000000000000d62        0x8 .build/obj_nullbitsco_scramble_v1_carterhanks_2/quantum/keymap_introspection.o
                0x0000000000000d62                matrix_init_user
 .text.encoder_update_user
                0x0000000000000d6a       0x46 .build/obj_nullbitsco_scramble_v1_carterhanks_2/quantum/keymap_introspection.o
                0x0000000000000d6a                encoder_update_user
 .text.process_record_user
                0x0000000000000db0       0x22 .build/obj_nullbitsco_scramble_v1_carterhanks_2/quantum/keymap_introspection.o
                0x0000000000000db0                process_record_user
 .text.keymap_layer_count
                0x0000000000000dd2        0x4 .build/obj_nullbitsco_scramble_v1_carterhanks_2/quantum/keymap_introspection.o
                0x0000000000000dd2                keymap_layer_count
 .text.keycode_at_keymap_location_raw
                0x0000000000000dd6       0x38 .build/obj_nullbitsco_scramble_v1_carterhanks_2/quantum/keymap_introspection.o
                0x0000000000000dd6                keycode_at_keymap_location_raw
 .text.process_action_kb
                0x0000000000000e0e        0x4 .build/obj_nullbitsco_scramble_v1_carterhanks_2/quantum/quantum.o
                0x0000000000000e0e                process_action_kb
 .text.process_record_kb
                0x0000000000000e12        0x6 .build/obj_nullbitsco_scramble_v1_carterhanks_2/quantum/quantum.o
                0x0000000000000e12                process_record_kb
 .text.post_process_record_user
                0x0000000000000e18        0x2 .build/obj_nullbitsco_scramble_v1_carterhanks_2/quantum/quantum.o
                0x0000000000000e18                post_process_record_user
 .text.post_process_record_kb
                0x0000000000000e1a        0x6 .build/obj_nullbitsco_scramble_v1_carterhanks_2/quantum/quantum.o
                0x0000000000000e1a                post_process_record_kb
 .text.get_event_keycode
                0x0000000000000e20       0x58 .build/obj_nullbitsco_scramble_v1_carterhanks_2/quantum/quantum.o
                0x0000000000000e20                get_event_keycode
 .text.get_record_keycode
                0x0000000000000e78       0x14 .build/obj_nullbitsco_scramble_v1_carterhanks_2/quantum/quantum.o
                0x0000000000000e78                get_record_keycode
 .text.pre_process_record_quantum
                0x0000000000000e8c        0x4 .build/obj_nullbitsco_scramble_v1_carterhanks_2/quantum/quantum.o
                0x0000000000000e8c                pre_process_record_quantum
 .text.post_process_record_quantum
                0x0000000000000e90       0x18 .build/obj_nullbitsco_scramble_v1_carterhanks_2/quantum/quantum.o
                0x0000000000000e90                post_process_record_quantum
 .text.shutdown_user
                0x0000000000000ea8        0x2 .build/obj_nullbitsco_scramble_v1_carterhanks_2/quantum/quantum.o
                0x0000000000000ea8                shutdown_user
 .text.shutdown_quantum
                0x0000000000000eaa       0x1c .build/obj_nullbitsco_scramble_v1_carterhanks_2/quantum/quantum.o
                0x0000000000000eaa                shutdown_quantum
 .text.reset_keyboard
                0x0000000000000ec6        0xa .build/obj_nullbitsco_scramble_v1_carterhanks_2/quantum/quantum.o
                0x0000000000000ec6                reset_keyboard
 .text.soft_reset_keyboard
                0x0000000000000ed0        0xa .build/obj_nullbitsco_scramble_v1_carterhanks_2/quantum/quantum.o
                0x0000000000000ed0                soft_reset_keyboard
 .text.process_record_quantum
                0x0000000000000eda       0xc4 .build/obj_nullbitsco_scramble_v1_carterhanks_2/quantum/quantum.o
                0x0000000000000eda                process_record_quantum
 .text.suspend_power_down_quantum
                0x0000000000000f9e        0xe .build/obj_nullbitsco_scramble_v1_carterhanks_2/quantum/quantum.o
                0x0000000000000f9e                suspend_power_down_quantum
 .text.suspend_wakeup_init_quantum
                0x0000000000000fac        0xa .build/obj_nullbitsco_scramble_v1_carterhanks_2/quantum/quantum.o
                0x0000000000000fac                suspend_wakeup_init_quantum
 .text.biton    0x0000000000000fb6       0x22 .build/obj_nullbitsco_scramble_v1_carterhanks_2/quantum/bitwise.o
                0x0000000000000fb6                biton
 .text.led_set_user
                0x0000000000000fd8        0x2 .build/obj_nullbitsco_scramble_v1_carterhanks_2/quantum/led.o
                0x0000000000000fd8                led_set_user
 .text.led_update_user
                0x0000000000000fda        0x4 .build/obj_nullbitsco_scramble_v1_carterhanks_2/quantum/led.o
                0x0000000000000fda                led_update_user
 .text.led_update_ports
                0x0000000000000fde        0x2 .build/obj_nullbitsco_scramble_v1_carterhanks_2/quantum/led.o
                0x0000000000000fde                led_update_ports
 .text.led_update_kb
                0x0000000000000fe0       0x1e .build/obj_nullbitsco_scramble_v1_carterhanks_2/quantum/led.o
                0x0000000000000fe0                led_update_kb
 .text.led_init_ports
                0x0000000000000ffe        0x2 .build/obj_nullbitsco_scramble_v1_carterhanks_2/quantum/led.o
                0x0000000000000ffe                led_init_ports
 .text.led_set  0x0000000000001000       0x12 .build/obj_nullbitsco_scramble_v1_carterhanks_2/quantum/led.o
                0x0000000000001000                led_set
 .text.led_suspend
                0x0000000000001012        0x8 .build/obj_nullbitsco_scramble_v1_carterhanks_2/quantum/led.o
                0x0000000000001012                led_suspend
 .text.led_wakeup
                0x000000000000101a        0xa .build/obj_nullbitsco_scramble_v1_carterhanks_2/quantum/led.o
                0x000000000000101a                led_wakeup
 .text.led_task
                0x0000000000001024       0x32 .build/obj_nullbitsco_scramble_v1_carterhanks_2/quantum/led.o
                0x0000000000001024                led_task
 .text.action_exec
                0x0000000000001056       0x6a .build/obj_nullbitsco_scramble_v1_carterhanks_2/quantum/action.o
                0x0000000000001056                action_exec
 .text.process_record_tap_hint
                0x00000000000010c0        0xc .build/obj_nullbitsco_scramble_v1_carterhanks_2/quantum/action.o
                0x00000000000010c0                process_record_tap_hint
 .text.register_mouse
                0x00000000000010cc       0x14 .build/obj_nullbitsco_scramble_v1_carterhanks_2/quantum/action.o
                0x00000000000010cc                register_mouse
 .text.register_code
                0x00000000000010e0       0x9a .build/obj_nullbitsco_scramble_v1_carterhanks_2/quantum/action.o
                0x00000000000010e0                register_code
 .text.unregister_code
                0x000000000000117a       0x66 .build/obj_nullbitsco_scramble_v1_carterhanks_2/quantum/action.o
                0x000000000000117a                unregister_code
 .text.tap_code_delay
                0x00000000000011e0       0x30 .build/obj_nullbitsco_scramble_v1_carterhanks_2/quantum/action.o
                0x00000000000011e0                tap_code_delay
 .text.tap_code
                0x0000000000001210       0x12 .build/obj_nullbitsco_scramble_v1_carterhanks_2/quantum/action.o
                0x0000000000001210                tap_code
 .text.register_mods
                0x0000000000001222        0xe .build/obj_nullbitsco_scramble_v1_carterhanks_2/quantum/action.o
                0x0000000000001222                register_mods
 .text.unregister_mods
                0x0000000000001230        0xe .build/obj_nullbitsco_scramble_v1_carterhanks_2/quantum/action.o
                0x0000000000001230                unregister_mods
 .text.process_action
                0x000000000000123e      0x3fc .build/obj_nullbitsco_scramble_v1_carterhanks_2/quantum/action.o
                0x000000000000123e                process_action
 .text.process_record_handler
                0x000000000000163a       0x30 .build/obj_nullbitsco_scramble_v1_carterhanks_2/quantum/action.o
                0x000000000000163a                process_record_handler
 .text.process_record
                0x000000000000166a       0x54 .build/obj_nullbitsco_scramble_v1_carterhanks_2/quantum/action.o
                0x000000000000166a                process_record
 .text.clear_keyboard_but_mods_and_keys
                0x00000000000016be       0x22 .build/obj_nullbitsco_scramble_v1_carterhanks_2/quantum/action.o
                0x00000000000016be                clear_keyboard_but_mods_and_keys
 .text.clear_keyboard_but_mods
                0x00000000000016e0        0xa .build/obj_nullbitsco_scramble_v1_carterhanks_2/quantum/action.o
                0x00000000000016e0                clear_keyboard_but_mods
 .text.clear_keyboard
                0x00000000000016ea        0xa .build/obj_nullbitsco_scramble_v1_carterhanks_2/quantum/action.o
                0x00000000000016ea                clear_keyboard
 .text.is_tap_action
                0x00000000000016f4       0x36 .build/obj_nullbitsco_scramble_v1_carterhanks_2/quantum/action.o
                0x00000000000016f4                is_tap_action
 .text.is_tap_record
                0x000000000000172a       0x26 .build/obj_nullbitsco_scramble_v1_carterhanks_2/quantum/action.o
                0x000000000000172a                is_tap_record
 .text.debug_event
                0x0000000000001750       0x14 .build/obj_nullbitsco_scramble_v1_carterhanks_2/quantum/action.o
                0x0000000000001750                debug_event
 .text.debug_record
                0x0000000000001764       0x14 .build/obj_nullbitsco_scramble_v1_carterhanks_2/quantum/action.o
                0x0000000000001764                debug_record
 .text.default_layer_state_set_user
                0x0000000000001778        0x2 .build/obj_nullbitsco_scramble_v1_carterhanks_2/quantum/action_layer.o
                0x0000000000001778                default_layer_state_set_user
 .text.default_layer_state_set_kb
                0x000000000000177a        0x6 .build/obj_nullbitsco_scramble_v1_carterhanks_2/quantum/action_layer.o
                0x000000000000177a                default_layer_state_set_kb
 .text.default_layer_state_set
                0x0000000000001780        0xa .build/obj_nullbitsco_scramble_v1_carterhanks_2/quantum/action_layer.o
 .text.default_layer_debug
                0x000000000000178a        0x2 .build/obj_nullbitsco_scramble_v1_carterhanks_2/quantum/action_layer.o
                0x000000000000178a                default_layer_debug
 .text.default_layer_set
                0x000000000000178c        0x6 .build/obj_nullbitsco_scramble_v1_carterhanks_2/quantum/action_layer.o
                0x000000000000178c                default_layer_set
 .text.default_layer_or
                0x0000000000001792        0xc .build/obj_nullbitsco_scramble_v1_carterhanks_2/quantum/action_layer.o
                0x0000000000001792                default_layer_or
 .text.default_layer_and
                0x000000000000179e        0xc .build/obj_nullbitsco_scramble_v1_carterhanks_2/quantum/action_layer.o
                0x000000000000179e                default_layer_and
 .text.default_layer_xor
                0x00000000000017aa        0xc .build/obj_nullbitsco_scramble_v1_carterhanks_2/quantum/action_layer.o
                0x00000000000017aa                default_layer_xor
 .text.layer_state_set_user
                0x00000000000017b6        0x6 .build/obj_nullbitsco_scramble_v1_carterhanks_2/quantum/action_layer.o
                0x00000000000017b6                layer_state_set_user
 .text.layer_state_set_kb
                0x00000000000017bc        0x6 .build/obj_nullbitsco_scramble_v1_carterhanks_2/quantum/action_layer.o
                0x00000000000017bc                layer_state_set_kb
 .text.layer_state_set
                0x00000000000017c2        0xa .build/obj_nullbitsco_scramble_v1_carterhanks_2/quantum/action_layer.o
                0x00000000000017c2                layer_state_set
 .text.layer_clear
                0x00000000000017cc        0x8 .build/obj_nullbitsco_scramble_v1_carterhanks_2/quantum/action_layer.o
                0x00000000000017cc                layer_clear
 .text.layer_move
                0x00000000000017d4       0x12 .build/obj_nullbitsco_scramble_v1_carterhanks_2/quantum/action_layer.o
                0x00000000000017d4                layer_move
 .text.layer_on
                0x00000000000017e6       0x18 .build/obj_nullbitsco_scramble_v1_carterhanks_2/quantum/action_layer.o
                0x00000000000017e6                layer_on
 .text.layer_off
                0x00000000000017fe       0x1a .build/obj_nullbitsco_scramble_v1_carterhanks_2/quantum/action_layer.o
                0x00000000000017fe                layer_off
 .text.layer_invert
                0x0000000000001818       0x18 .build/obj_nullbitsco_scramble_v1_carterhanks_2/quantum/action_layer.o
                0x0000000000001818                layer_invert
 .text.layer_or
                0x0000000000001830        0xc .build/obj_nullbitsco_scramble_v1_carterhanks_2/quantum/action_layer.o
                0x0000000000001830                layer_or
 .text.layer_and
                0x000000000000183c        0xc .build/obj_nullbitsco_scramble_v1_carterhanks_2/quantum/action_layer.o
                0x000000000000183c                layer_and
 .text.layer_xor
                0x0000000000001848        0xc .build/obj_nullbitsco_scramble_v1_carterhanks_2/quantum/action_layer.o
                0x0000000000001848                layer_xor
 .text.layer_debug
                0x0000000000001854        0x2 .build/obj_nullbitsco_scramble_v1_carterhanks_2/quantum/action_layer.o
                0x0000000000001854                layer_debug
 .text.update_source_layers_cache_impl
                0x0000000000001856       0x5a .build/obj_nullbitsco_scramble_v1_carterhanks_2/quantum/action_layer.o
                0x0000000000001856                update_source_layers_cache_impl
 .text.read_source_layers_cache_impl
                0x00000000000018b0       0x4e .build/obj_nullbitsco_scramble_v1_carterhanks_2/quantum/action_layer.o
                0x00000000000018b0                read_source_layers_cache_impl
 .text.update_source_layers_cache
                0x00000000000018fe       0x24 .build/obj_nullbitsco_scramble_v1_carterhanks_2/quantum/action_layer.o
                0x00000000000018fe                update_source_layers_cache
 .text.read_source_layers_cache
                0x0000000000001922       0x24 .build/obj_nullbitsco_scramble_v1_carterhanks_2/quantum/action_layer.o
                0x0000000000001922                read_source_layers_cache
 .text.layer_switch_get_layer
                0x0000000000001946       0x5a .build/obj_nullbitsco_scramble_v1_carterhanks_2/quantum/action_layer.o
                0x0000000000001946                layer_switch_get_layer
 .text.layer_switch_get_action
                0x00000000000019a0       0x16 .build/obj_nullbitsco_scramble_v1_carterhanks_2/quantum/action_layer.o
                0x00000000000019a0                layer_switch_get_action
 .text.store_or_get_action
                0x00000000000019b6       0x46 .build/obj_nullbitsco_scramble_v1_carterhanks_2/quantum/action_layer.o
                0x00000000000019b6                store_or_get_action
 .text.update_tri_layer_state
                0x00000000000019fc       0x3a .build/obj_nullbitsco_scramble_v1_carterhanks_2/quantum/action_layer.o
                0x00000000000019fc                update_tri_layer_state
 .text.update_tri_layer
                0x0000000000001a36       0x14 .build/obj_nullbitsco_scramble_v1_carterhanks_2/quantum/action_layer.o
                0x0000000000001a36                update_tri_layer
 .text.debug_waiting_buffer
                0x0000000000001a4a       0x42 .build/obj_nullbitsco_scramble_v1_carterhanks_2/quantum/action_tapping.o
 .text.debug_tapping_key
                0x0000000000001a8c       0x1e .build/obj_nullbitsco_scramble_v1_carterhanks_2/quantum/action_tapping.o
 .text.waiting_buffer_typed.isra.2
                0x0000000000001aaa       0x40 .build/obj_nullbitsco_scramble_v1_carterhanks_2/quantum/action_tapping.o
 .text.waiting_buffer_scan_tap
                0x0000000000001aea       0xb4 .build/obj_nullbitsco_scramble_v1_carterhanks_2/quantum/action_tapping.o
 .text.process_tapping
                0x0000000000001b9e      0x320 .build/obj_nullbitsco_scramble_v1_carterhanks_2/quantum/action_tapping.o
 .text.action_tapping_process
                0x0000000000001ebe      0x120 .build/obj_nullbitsco_scramble_v1_carterhanks_2/quantum/action_tapping.o
                0x0000000000001ebe                action_tapping_process
 .text.add_key  0x0000000000001fde       0x10 .build/obj_nullbitsco_scramble_v1_carterhanks_2/quantum/action_util.o
                0x0000000000001fde                add_key
 .text.del_key  0x0000000000001fee       0x10 .build/obj_nullbitsco_scramble_v1_carterhanks_2/quantum/action_util.o
                0x0000000000001fee                del_key
 .text.clear_keys
                0x0000000000001ffe        0xe .build/obj_nullbitsco_scramble_v1_carterhanks_2/quantum/action_util.o
                0x0000000000001ffe                clear_keys
 .text.get_oneshot_layer
                0x000000000000200c        0xc .build/obj_nullbitsco_scramble_v1_carterhanks_2/quantum/action_util.o
                0x000000000000200c                get_oneshot_layer
 .text.get_oneshot_layer_state
                0x0000000000002018        0x8 .build/obj_nullbitsco_scramble_v1_carterhanks_2/quantum/action_util.o
                0x0000000000002018                get_oneshot_layer_state
 .text.is_oneshot_layer_active
                0x0000000000002020        0xe .build/obj_nullbitsco_scramble_v1_carterhanks_2/quantum/action_util.o
                0x0000000000002020                is_oneshot_layer_active
 .text.get_mods
                0x000000000000202e        0x6 .build/obj_nullbitsco_scramble_v1_carterhanks_2/quantum/action_util.o
                0x000000000000202e                get_mods
 .text.add_mods
                0x0000000000002034        0xc .build/obj_nullbitsco_scramble_v1_carterhanks_2/quantum/action_util.o
                0x0000000000002034                add_mods
 .text.del_mods
                0x0000000000002040        0xe .build/obj_nullbitsco_scramble_v1_carterhanks_2/quantum/action_util.o
                0x0000000000002040                del_mods
 .text.clear_mods
                0x000000000000204e        0x6 .build/obj_nullbitsco_scramble_v1_carterhanks_2/quantum/action_util.o
                0x000000000000204e                clear_mods
 .text.add_weak_mods
                0x0000000000002054        0xc .build/obj_nullbitsco_scramble_v1_carterhanks_2/quantum/action_util.o
                0x0000000000002054                add_weak_mods
 .text.del_weak_mods
                0x0000000000002060        0xe .build/obj_nullbitsco_scramble_v1_carterhanks_2/quantum/action_util.o
                0x0000000000002060                del_weak_mods
 .text.clear_weak_mods
                0x000000000000206e        0x6 .build/obj_nullbitsco_scramble_v1_carterhanks_2/quantum/action_util.o
                0x000000000000206e                clear_weak_mods
 .text.get_oneshot_mods
                0x0000000000002074        0x6 .build/obj_nullbitsco_scramble_v1_carterhanks_2/quantum/action_util.o
                0x0000000000002074                get_oneshot_mods
 .text.oneshot_mods_changed_user
                0x000000000000207a        0x2 .build/obj_nullbitsco_scramble_v1_carterhanks_2/quantum/action_util.o
                0x000000000000207a                oneshot_mods_changed_user
 .text.oneshot_mods_changed_kb
                0x000000000000207c        0x6 .build/obj_nullbitsco_scramble_v1_carterhanks_2/quantum/action_util.o
                0x000000000000207c                oneshot_mods_changed_kb
 .text.set_oneshot_mods
                0x0000000000002082       0x1a .build/obj_nullbitsco_scramble_v1_carterhanks_2/quantum/action_util.o
                0x0000000000002082                set_oneshot_mods
 .text.clear_oneshot_mods
                0x000000000000209c       0x14 .build/obj_nullbitsco_scramble_v1_carterhanks_2/quantum/action_util.o
                0x000000000000209c                clear_oneshot_mods
 .text.send_keyboard_report
                0x00000000000020b0       0x56 .build/obj_nullbitsco_scramble_v1_carterhanks_2/quantum/action_util.o
                0x00000000000020b0                send_keyboard_report
 .text.oneshot_layer_changed_user
                0x0000000000002106        0x2 .build/obj_nullbitsco_scramble_v1_carterhanks_2/quantum/action_util.o
                0x0000000000002106                oneshot_layer_changed_user
 .text.oneshot_layer_changed_kb
                0x0000000000002108        0x6 .build/obj_nullbitsco_scramble_v1_carterhanks_2/quantum/action_util.o
                0x0000000000002108                oneshot_layer_changed_kb
 .text.set_oneshot_layer
                0x000000000000210e       0x30 .build/obj_nullbitsco_scramble_v1_carterhanks_2/quantum/action_util.o
                0x000000000000210e                set_oneshot_layer
 .text.reset_oneshot_layer
                0x000000000000213e        0xc .build/obj_nullbitsco_scramble_v1_carterhanks_2/quantum/action_util.o
                0x000000000000213e                reset_oneshot_layer
 .text.clear_oneshot_layer_state
                0x000000000000214a       0x38 .build/obj_nullbitsco_scramble_v1_carterhanks_2/quantum/action_util.o
                0x000000000000214a                clear_oneshot_layer_state
 .text.oneshot_set
                0x0000000000002182       0x2a .build/obj_nullbitsco_scramble_v1_carterhanks_2/quantum/action_util.o
                0x0000000000002182                oneshot_set
 .text.oneshot_toggle
                0x00000000000021ac       0x14 .build/obj_nullbitsco_scramble_v1_carterhanks_2/quantum/action_util.o
                0x00000000000021ac                oneshot_toggle
 .text.oneshot_enable
                0x00000000000021c0        0x8 .build/obj_nullbitsco_scramble_v1_carterhanks_2/quantum/action_util.o
                0x00000000000021c0                oneshot_enable
 .text.oneshot_disable
                0x00000000000021c8        0x8 .build/obj_nullbitsco_scramble_v1_carterhanks_2/quantum/action_util.o
                0x00000000000021c8                oneshot_disable
 .text.eeconfig_disable
                0x00000000000021d0        0xe .build/obj_nullbitsco_scramble_v1_carterhanks_2/quantum/eeconfig.o
                0x00000000000021d0                eeconfig_disable
 .text.eeconfig_is_enabled
                0x00000000000021de       0x18 .build/obj_nullbitsco_scramble_v1_carterhanks_2/quantum/eeconfig.o
                0x00000000000021de                eeconfig_is_enabled
 .text.eeconfig_read_debug
                0x00000000000021f6        0xa .build/obj_nullbitsco_scramble_v1_carterhanks_2/quantum/eeconfig.o
                0x00000000000021f6                eeconfig_read_debug
 .text.eeconfig_read_default_layer
                0x0000000000002200        0xa .build/obj_nullbitsco_scramble_v1_carterhanks_2/quantum/eeconfig.o
                0x0000000000002200                eeconfig_read_default_layer
 .text.eeconfig_read_keymap
                0x000000000000220a        0xa .build/obj_nullbitsco_scramble_v1_carterhanks_2/quantum/eeconfig.o
                0x000000000000220a                eeconfig_read_keymap
 .text.eeconfig_update_keymap
                0x0000000000002214        0xc .build/obj_nullbitsco_scramble_v1_carterhanks_2/quantum/eeconfig.o
                0x0000000000002214                eeconfig_update_keymap
 .text.eeconfig_update_kb
                0x0000000000002220        0xe .build/obj_nullbitsco_scramble_v1_carterhanks_2/quantum/eeconfig.o
                0x0000000000002220                eeconfig_update_kb
 .text.eeconfig_update_user
                0x000000000000222e        0xe .build/obj_nullbitsco_scramble_v1_carterhanks_2/quantum/eeconfig.o
                0x000000000000222e                eeconfig_update_user
 .text.eeconfig_init_user
                0x000000000000223c        0xc .build/obj_nullbitsco_scramble_v1_carterhanks_2/quantum/eeconfig.o
                0x000000000000223c                eeconfig_init_user
 .text.eeconfig_init_kb
                0x0000000000002248       0x10 .build/obj_nullbitsco_scramble_v1_carterhanks_2/quantum/eeconfig.o
                0x0000000000002248                eeconfig_init_kb
 .text.eeconfig_init_quantum
                0x0000000000002258       0xac .build/obj_nullbitsco_scramble_v1_carterhanks_2/quantum/eeconfig.o
                0x0000000000002258                eeconfig_init_quantum
 .text.eeconfig_init
                0x0000000000002304        0x6 .build/obj_nullbitsco_scramble_v1_carterhanks_2/quantum/eeconfig.o
                0x0000000000002304                eeconfig_init
 .text.eeconfig_update_handedness
                0x000000000000230a        0xc .build/obj_nullbitsco_scramble_v1_carterhanks_2/quantum/eeconfig.o
                0x000000000000230a                eeconfig_update_handedness
 .text.generate_tick_event
                0x0000000000002316       0x50 .build/obj_nullbitsco_scramble_v1_carterhanks_2/quantum/keyboard.o
 .text.last_matrix_activity_trigger
                0x0000000000002366       0x26 .build/obj_nullbitsco_scramble_v1_carterhanks_2/quantum/keyboard.o
                0x0000000000002366                last_matrix_activity_trigger
 .text.last_encoder_activity_trigger
                0x000000000000238c       0x26 .build/obj_nullbitsco_scramble_v1_carterhanks_2/quantum/keyboard.o
                0x000000000000238c                last_encoder_activity_trigger
 .text.matrix_setup
                0x00000000000023b2        0x2 .build/obj_nullbitsco_scramble_v1_carterhanks_2/quantum/keyboard.o
                0x00000000000023b2                matrix_setup
 .text.keyboard_pre_init_user
                0x00000000000023b4        0x2 .build/obj_nullbitsco_scramble_v1_carterhanks_2/quantum/keyboard.o
                0x00000000000023b4                keyboard_pre_init_user
 .text.keyboard_pre_init_kb
                0x00000000000023b6        0x6 .build/obj_nullbitsco_scramble_v1_carterhanks_2/quantum/keyboard.o
                0x00000000000023b6                keyboard_pre_init_kb
 .text.keyboard_post_init_user
                0x00000000000023bc        0x2 .build/obj_nullbitsco_scramble_v1_carterhanks_2/quantum/keyboard.o
                0x00000000000023bc                keyboard_post_init_user
 .text.keyboard_post_init_kb
                0x00000000000023be        0x6 .build/obj_nullbitsco_scramble_v1_carterhanks_2/quantum/keyboard.o
                0x00000000000023be                keyboard_post_init_kb
 .text.matrix_can_read
                0x00000000000023c4        0x4 .build/obj_nullbitsco_scramble_v1_carterhanks_2/quantum/keyboard.o
                0x00000000000023c4                matrix_can_read
 .text.keyboard_setup
                0x00000000000023c8       0x12 .build/obj_nullbitsco_scramble_v1_carterhanks_2/quantum/keyboard.o
                0x00000000000023c8                keyboard_setup
 .text.is_keyboard_master
                0x00000000000023da        0x6 .build/obj_nullbitsco_scramble_v1_carterhanks_2/quantum/keyboard.o
                0x00000000000023da                is_keyboard_master
 .text.should_process_keypress
                0x00000000000023e0        0x6 .build/obj_nullbitsco_scramble_v1_carterhanks_2/quantum/keyboard.o
                0x00000000000023e0                should_process_keypress
 .text.housekeeping_task_kb
                0x00000000000023e6        0x2 .build/obj_nullbitsco_scramble_v1_carterhanks_2/quantum/keyboard.o
                0x00000000000023e6                housekeeping_task_kb
 .text.housekeeping_task_user
                0x00000000000023e8        0x2 .build/obj_nullbitsco_scramble_v1_carterhanks_2/quantum/keyboard.o
                0x00000000000023e8                housekeeping_task_user
 .text.housekeeping_task
                0x00000000000023ea        0xa .build/obj_nullbitsco_scramble_v1_carterhanks_2/quantum/keyboard.o
                0x00000000000023ea                housekeeping_task
 .text.quantum_init
                0x00000000000023f4        0xa .build/obj_nullbitsco_scramble_v1_carterhanks_2/quantum/keyboard.o
                0x00000000000023f4                quantum_init
 .text.keyboard_init
                0x00000000000023fe       0x20 .build/obj_nullbitsco_scramble_v1_carterhanks_2/quantum/keyboard.o
                0x00000000000023fe                keyboard_init
 .text.keyboard_task
                0x000000000000241e       0xec .build/obj_nullbitsco_scramble_v1_carterhanks_2/quantum/keyboard.o
                0x000000000000241e                keyboard_task
 .text.action_for_keycode
                0x000000000000250a      0x23c .build/obj_nullbitsco_scramble_v1_carterhanks_2/quantum/keymap_common.o
                0x000000000000250a                action_for_keycode
 .text.keymap_key_to_keycode
                0x0000000000002746       0x18 .build/obj_nullbitsco_scramble_v1_carterhanks_2/quantum/keymap_common.o
                0x0000000000002746                keymap_key_to_keycode
 .text.action_for_key
                0x000000000000275e        0xa .build/obj_nullbitsco_scramble_v1_carterhanks_2/quantum/keymap_common.o
                0x000000000000275e                action_for_key
 .text.keycode_config
                0x0000000000002768      0x144 .build/obj_nullbitsco_scramble_v1_carterhanks_2/quantum/keycode_config.o
                0x0000000000002768                keycode_config
 .text.mod_config
                0x00000000000028ac       0x86 .build/obj_nullbitsco_scramble_v1_carterhanks_2/quantum/keycode_config.o
                0x00000000000028ac                mod_config
 .text.sendchar
                0x0000000000002932        0x4 .build/obj_nullbitsco_scramble_v1_carterhanks_2/quantum/logging/sendchar.o
                0x0000000000002932                sendchar
 .text.bootmagic_lite_reset_eeprom
                0x0000000000002936        0x6 .build/obj_nullbitsco_scramble_v1_carterhanks_2/quantum/bootmagic/bootmagic_lite.o
                0x0000000000002936                bootmagic_lite_reset_eeprom
 .text.bootmagic_lite
                0x000000000000293c       0x2e .build/obj_nullbitsco_scramble_v1_carterhanks_2/quantum/bootmagic/bootmagic_lite.o
                0x000000000000293c                bootmagic_lite
 .text.bootmagic
                0x000000000000296a        0x6 .build/obj_nullbitsco_scramble_v1_carterhanks_2/quantum/bootmagic/bootmagic_lite.o
                0x000000000000296a                bootmagic
 .text.magic    0x0000000000002970       0x36 .build/obj_nullbitsco_scramble_v1_carterhanks_2/quantum/bootmagic/magic.o
                0x0000000000002970                magic
 .text.matrix_init_kb
                0x00000000000029a6        0x6 .build/obj_nullbitsco_scramble_v1_carterhanks_2/quantum/matrix_common.o
                0x00000000000029a6                matrix_init_kb
 .text.matrix_scan_user
                0x00000000000029ac        0x2 .build/obj_nullbitsco_scramble_v1_carterhanks_2/quantum/matrix_common.o
                0x00000000000029ac                matrix_scan_user
 .text.matrix_scan_kb
                0x00000000000029ae        0x6 .build/obj_nullbitsco_scramble_v1_carterhanks_2/quantum/matrix_common.o
                0x00000000000029ae                matrix_scan_kb
 .text.matrix_get_row
                0x00000000000029b4        0xc .build/obj_nullbitsco_scramble_v1_carterhanks_2/quantum/matrix_common.o
                0x00000000000029b4                matrix_get_row
 .text.matrix_print
                0x00000000000029c0        0x2 .build/obj_nullbitsco_scramble_v1_carterhanks_2/quantum/matrix_common.o
                0x00000000000029c0                matrix_print
 .text.matrix_init_pins
                0x00000000000029c2       0x5c .build/obj_nullbitsco_scramble_v1_carterhanks_2/quantum/matrix.o
                0x00000000000029c2                matrix_init_pins
 .text.matrix_read_cols_on_row
                0x0000000000002a1e       0x58 .build/obj_nullbitsco_scramble_v1_carterhanks_2/quantum/matrix.o
                0x0000000000002a1e                matrix_read_cols_on_row
 .text.matrix_init
                0x0000000000002a76       0x20 .build/obj_nullbitsco_scramble_v1_carterhanks_2/quantum/matrix.o
                0x0000000000002a76                matrix_init
 .text.matrix_scan
                0x0000000000002a96       0x6c .build/obj_nullbitsco_scramble_v1_carterhanks_2/quantum/matrix.o
                0x0000000000002a96                matrix_scan
 .text.debounce_init
                0x0000000000002b02        0x2 .build/obj_nullbitsco_scramble_v1_carterhanks_2/quantum/debounce/sym_defer_g.o
                0x0000000000002b02                debounce_init
 .text.debounce
                0x0000000000002b04       0x7a .build/obj_nullbitsco_scramble_v1_carterhanks_2/quantum/debounce/sym_defer_g.o
                0x0000000000002b04                debounce
 .text.protocol_init
                0x0000000000002b7e        0xe .build/obj_nullbitsco_scramble_v1_carterhanks_2/quantum/main.o
                0x0000000000002b7e                protocol_init
 .text.startup.main
                0x0000000000002b8c       0x1a .build/obj_nullbitsco_scramble_v1_carterhanks_2/quantum/main.o
                0x0000000000002b8c                main
 .text.move_unit
                0x0000000000002ba6       0x7c .build/obj_nullbitsco_scramble_v1_carterhanks_2/quantum/mousekey.o
 .text.wheel_unit
                0x0000000000002c22       0x72 .build/obj_nullbitsco_scramble_v1_carterhanks_2/quantum/mousekey.o
 .text.mousekey_on
                0x0000000000002c94       0xb4 .build/obj_nullbitsco_scramble_v1_carterhanks_2/quantum/mousekey.o
                0x0000000000002c94                mousekey_on
 .text.mousekey_off
                0x0000000000002d48       0xf2 .build/obj_nullbitsco_scramble_v1_carterhanks_2/quantum/mousekey.o
                0x0000000000002d48                mousekey_off
 .text.mousekey_send
                0x0000000000002e3a       0x38 .build/obj_nullbitsco_scramble_v1_carterhanks_2/quantum/mousekey.o
                0x0000000000002e3a                mousekey_send
 .text.mousekey_clear
                0x0000000000002e72       0x1c .build/obj_nullbitsco_scramble_v1_carterhanks_2/quantum/mousekey.o
                0x0000000000002e72                mousekey_clear
 .text.should_mousekey_report_send
                0x0000000000002e8e       0x28 .build/obj_nullbitsco_scramble_v1_carterhanks_2/quantum/mousekey.o
                0x0000000000002e8e                should_mousekey_report_send
 .text.mousekey_task
                0x0000000000002eb6      0x1f8 .build/obj_nullbitsco_scramble_v1_carterhanks_2/quantum/mousekey.o
                0x0000000000002eb6                mousekey_task
 .text.via_eeprom_is_valid
                0x00000000000030ae       0x32 .build/obj_nullbitsco_scramble_v1_carterhanks_2/quantum/via.o
                0x00000000000030ae                via_eeprom_is_valid
 .text.via_eeprom_set_valid
                0x00000000000030e0       0x32 .build/obj_nullbitsco_scramble_v1_carterhanks_2/quantum/via.o
                0x00000000000030e0                via_eeprom_set_valid
 .text.via_init_kb
                0x0000000000003112        0x2 .build/obj_nullbitsco_scramble_v1_carterhanks_2/quantum/via.o
                0x0000000000003112                via_init_kb
 .text.via_get_layout_options
                0x0000000000003114       0x12 .build/obj_nullbitsco_scramble_v1_carterhanks_2/quantum/via.o
                0x0000000000003114                via_get_layout_options
 .text.via_set_layout_options_kb
                0x0000000000003126        0x2 .build/obj_nullbitsco_scramble_v1_carterhanks_2/quantum/via.o
                0x0000000000003126                via_set_layout_options_kb
 .text.via_set_layout_options
                0x0000000000003128       0x16 .build/obj_nullbitsco_scramble_v1_carterhanks_2/quantum/via.o
                0x0000000000003128                via_set_layout_options
 .text.eeconfig_init_via
                0x000000000000313e       0x20 .build/obj_nullbitsco_scramble_v1_carterhanks_2/quantum/via.o
                0x000000000000313e                eeconfig_init_via
 .text.via_init
                0x000000000000315e       0x1a .build/obj_nullbitsco_scramble_v1_carterhanks_2/quantum/via.o
                0x000000000000315e                via_init
 .text.via_set_device_indication
                0x0000000000003178        0x2 .build/obj_nullbitsco_scramble_v1_carterhanks_2/quantum/via.o
                0x0000000000003178                via_set_device_indication
 .text.process_record_via
                0x000000000000317a       0x22 .build/obj_nullbitsco_scramble_v1_carterhanks_2/quantum/via.o
                0x000000000000317a                process_record_via
 .text.via_custom_value_command_kb
                0x000000000000319c        0x8 .build/obj_nullbitsco_scramble_v1_carterhanks_2/quantum/via.o
                0x000000000000319c                via_custom_value_command_kb
 .text.via_custom_value_command
                0x00000000000031a4        0x6 .build/obj_nullbitsco_scramble_v1_carterhanks_2/quantum/via.o
                0x00000000000031a4                via_custom_value_command
 .text.via_command_kb
                0x00000000000031aa        0x4 .build/obj_nullbitsco_scramble_v1_carterhanks_2/quantum/via.o
                0x00000000000031aa                via_command_kb
 .text.raw_hid_receive
                0x00000000000031ae      0x19a .build/obj_nullbitsco_scramble_v1_carterhanks_2/quantum/via.o
                0x00000000000031ae                raw_hid_receive
 .text.i2c_transmit_P.constprop.3
                0x0000000000003348       0x54 .build/obj_nullbitsco_scramble_v1_carterhanks_2/ssd1306_sh1106.o
 .text.oled_init_kb
                0x000000000000339c        0x2 .build/obj_nullbitsco_scramble_v1_carterhanks_2/ssd1306_sh1106.o
                0x000000000000339c                oled_init_kb
 .text.oled_init_user
                0x000000000000339e        0x6 .build/obj_nullbitsco_scramble_v1_carterhanks_2/ssd1306_sh1106.o
                0x000000000000339e                oled_init_user
 .text.oled_clear
                0x00000000000033a4       0x2a .build/obj_nullbitsco_scramble_v1_carterhanks_2/ssd1306_sh1106.o
                0x00000000000033a4                oled_clear
 .text.oled_init
                0x00000000000033ce       0x90 .build/obj_nullbitsco_scramble_v1_carterhanks_2/ssd1306_sh1106.o
                0x00000000000033ce                oled_init
 .text.oled_set_cursor
                0x000000000000345e       0x2e .build/obj_nullbitsco_scramble_v1_carterhanks_2/ssd1306_sh1106.o
                0x000000000000345e                oled_set_cursor
 .text.oled_advance_char
                0x000000000000348c       0x3e .build/obj_nullbitsco_scramble_v1_carterhanks_2/ssd1306_sh1106.o
                0x000000000000348c                oled_advance_char
 .text.oled_write_char
                0x00000000000034ca       0xf2 .build/obj_nullbitsco_scramble_v1_carterhanks_2/ssd1306_sh1106.o
                0x00000000000034ca                oled_write_char
 .text.oled_advance_page
                0x00000000000035bc       0x66 .build/obj_nullbitsco_scramble_v1_carterhanks_2/ssd1306_sh1106.o
                0x00000000000035bc                oled_advance_page
 .text.oled_write_P
                0x0000000000003622       0x24 .build/obj_nullbitsco_scramble_v1_carterhanks_2/ssd1306_sh1106.o
                0x0000000000003622                oled_write_P
 .text.oled_on  0x0000000000003646       0x4a .build/obj_nullbitsco_scramble_v1_carterhanks_2/ssd1306_sh1106.o
                0x0000000000003646                oled_on
 .text.oled_render
                0x0000000000003690      0x1d0 .build/obj_nullbitsco_scramble_v1_carterhanks_2/ssd1306_sh1106.o
                0x0000000000003690                oled_render
 .text.oled_off
                0x0000000000003860       0x36 .build/obj_nullbitsco_scramble_v1_carterhanks_2/ssd1306_sh1106.o
                0x0000000000003860                oled_off
 .text.oled_task_kb
                0x0000000000003896        0x6 .build/obj_nullbitsco_scramble_v1_carterhanks_2/ssd1306_sh1106.o
                0x0000000000003896                oled_task_kb
 .text.oled_task
                0x000000000000389c       0x54 .build/obj_nullbitsco_scramble_v1_carterhanks_2/ssd1306_sh1106.o
                0x000000000000389c                oled_task
 .text.process_magic
                0x00000000000038f0      0x1b8 .build/obj_nullbitsco_scramble_v1_carterhanks_2/quantum/process_keycode/process_magic.o
                0x00000000000038f0                process_magic
 .text.send_char
                0x0000000000003aa8       0xba .build/obj_nullbitsco_scramble_v1_carterhanks_2/quantum/send_string/send_string.o
                0x0000000000003aa8                send_char
 .text.send_string_with_delay
                0x0000000000003b62       0xcc .build/obj_nullbitsco_scramble_v1_carterhanks_2/quantum/send_string/send_string.o
                0x0000000000003b62                send_string_with_delay
 .text.encoder_wait_pullup_charge
                0x0000000000003c2e        0xe .build/obj_nullbitsco_scramble_v1_carterhanks_2/quantum/encoder.o
                0x0000000000003c2e                encoder_wait_pullup_charge
 .text.encoder_update_kb
                0x0000000000003c3c        0x6 .build/obj_nullbitsco_scramble_v1_carterhanks_2/quantum/encoder.o
                0x0000000000003c3c                encoder_update_kb
 .text.encoder_init
                0x0000000000003c42       0x48 .build/obj_nullbitsco_scramble_v1_carterhanks_2/quantum/encoder.o
                0x0000000000003c42                encoder_init
 .text.encoder_read
                0x0000000000003c8a       0xcc .build/obj_nullbitsco_scramble_v1_carterhanks_2/quantum/encoder.o
                0x0000000000003c8a                encoder_read
 .text.dynamic_keymap_get_layer_count
                0x0000000000003d56        0x4 .build/obj_nullbitsco_scramble_v1_carterhanks_2/quantum/dynamic_keymap.o
                0x0000000000003d56                dynamic_keymap_get_layer_count
 .text.dynamic_keymap_key_to_eeprom_address
                0x0000000000003d5a       0x20 .build/obj_nullbitsco_scramble_v1_carterhanks_2/quantum/dynamic_keymap.o
                0x0000000000003d5a                dynamic_keymap_key_to_eeprom_address
 .text.dynamic_keymap_get_keycode
                0x0000000000003d7a       0x44 .build/obj_nullbitsco_scramble_v1_carterhanks_2/quantum/dynamic_keymap.o
                0x0000000000003d7a                dynamic_keymap_get_keycode
 .text.dynamic_keymap_set_keycode
                0x0000000000003dbe       0x38 .build/obj_nullbitsco_scramble_v1_carterhanks_2/quantum/dynamic_keymap.o
                0x0000000000003dbe                dynamic_keymap_set_keycode
 .text.dynamic_keymap_reset
                0x0000000000003df6       0x58 .build/obj_nullbitsco_scramble_v1_carterhanks_2/quantum/dynamic_keymap.o
                0x0000000000003df6                dynamic_keymap_reset
 .text.dynamic_keymap_get_buffer
                0x0000000000003e4e       0x46 .build/obj_nullbitsco_scramble_v1_carterhanks_2/quantum/dynamic_keymap.o
                0x0000000000003e4e                dynamic_keymap_get_buffer
 .text.dynamic_keymap_set_buffer
                0x0000000000003e94       0x46 .build/obj_nullbitsco_scramble_v1_carterhanks_2/quantum/dynamic_keymap.o
                0x0000000000003e94                dynamic_keymap_set_buffer
 .text.keycode_at_keymap_location
                0x0000000000003eda       0x18 .build/obj_nullbitsco_scramble_v1_carterhanks_2/quantum/dynamic_keymap.o
                0x0000000000003eda                keycode_at_keymap_location
 .text.dynamic_keymap_macro_get_count
                0x0000000000003ef2        0x4 .build/obj_nullbitsco_scramble_v1_carterhanks_2/quantum/dynamic_keymap.o
                0x0000000000003ef2                dynamic_keymap_macro_get_count
 .text.dynamic_keymap_macro_get_buffer_size
                0x0000000000003ef6        0x6 .build/obj_nullbitsco_scramble_v1_carterhanks_2/quantum/dynamic_keymap.o
                0x0000000000003ef6                dynamic_keymap_macro_get_buffer_size
 .text.dynamic_keymap_macro_get_buffer
                0x0000000000003efc       0x4a .build/obj_nullbitsco_scramble_v1_carterhanks_2/quantum/dynamic_keymap.o
                0x0000000000003efc                dynamic_keymap_macro_get_buffer
 .text.dynamic_keymap_macro_set_buffer
                0x0000000000003f46       0x4a .build/obj_nullbitsco_scramble_v1_carterhanks_2/quantum/dynamic_keymap.o
                0x0000000000003f46                dynamic_keymap_macro_set_buffer
 .text.dynamic_keymap_macro_reset
                0x0000000000003f90       0x20 .build/obj_nullbitsco_scramble_v1_carterhanks_2/quantum/dynamic_keymap.o
                0x0000000000003f90                dynamic_keymap_macro_reset
 .text.dynamic_keymap_macro_send
                0x0000000000003fb0       0xfa .build/obj_nullbitsco_scramble_v1_carterhanks_2/quantum/dynamic_keymap.o
                0x0000000000003fb0                dynamic_keymap_macro_send
 .text.process_grave_esc
                0x00000000000040aa       0x54 .build/obj_nullbitsco_scramble_v1_carterhanks_2/quantum/process_keycode/process_grave_esc.o
                0x00000000000040aa                process_grave_esc
 .text.perform_space_cadet
                0x00000000000040fe       0xc8 .build/obj_nullbitsco_scramble_v1_carterhanks_2/quantum/process_keycode/process_space_cadet.o
                0x00000000000040fe                perform_space_cadet
 .text.process_space_cadet
                0x00000000000041c6       0x88 .build/obj_nullbitsco_scramble_v1_carterhanks_2/quantum/process_keycode/process_space_cadet.o
                0x00000000000041c6                process_space_cadet
 .text.process_tri_layer
                0x000000000000424e       0x80 .build/obj_nullbitsco_scramble_v1_carterhanks_2/quantum/process_keycode/process_tri_layer.o
                0x000000000000424e                process_tri_layer
 .text.get_tri_layer_lower_layer
                0x00000000000042ce        0x6 .build/obj_nullbitsco_scramble_v1_carterhanks_2/quantum/tri_layer.o
                0x00000000000042ce                get_tri_layer_lower_layer
 .text.get_tri_layer_upper_layer
                0x00000000000042d4        0x6 .build/obj_nullbitsco_scramble_v1_carterhanks_2/quantum/tri_layer.o
                0x00000000000042d4                get_tri_layer_upper_layer
 .text.get_tri_layer_adjust_layer
                0x00000000000042da        0x6 .build/obj_nullbitsco_scramble_v1_carterhanks_2/quantum/tri_layer.o
                0x00000000000042da                get_tri_layer_adjust_layer
 .text.i2c_init
                0x00000000000042e0        0xc .build/obj_nullbitsco_scramble_v1_carterhanks_2/i2c_master.a(i2c_master.o)
                0x00000000000042e0                i2c_init
 .text.i2c_start
                0x00000000000042ec       0xd8 .build/obj_nullbitsco_scramble_v1_carterhanks_2/i2c_master.a(i2c_master.o)
                0x00000000000042ec                i2c_start
 .text.i2c_write
                0x00000000000043c4       0x5c .build/obj_nullbitsco_scramble_v1_carterhanks_2/i2c_master.a(i2c_master.o)
                0x00000000000043c4                i2c_write
 .text.i2c_transmit
                0x0000000000004420       0x42 .build/obj_nullbitsco_scramble_v1_carterhanks_2/i2c_master.a(i2c_master.o)
                0x0000000000004420                i2c_transmit
 .text.i2c_writeReg
                0x0000000000004462       0x4e .build/obj_nullbitsco_scramble_v1_carterhanks_2/i2c_master.a(i2c_master.o)
                0x0000000000004462                i2c_writeReg
 .text.i2c_stop
                0x00000000000044b0        0x8 .build/obj_nullbitsco_scramble_v1_carterhanks_2/i2c_master.a(i2c_master.o)
                0x00000000000044b0                i2c_stop
 .text.print_set_sendchar
                0x00000000000044b8        0xa .build/obj_nullbitsco_scramble_v1_carterhanks_2/platforms/avr/printf.o
                0x00000000000044b8                print_set_sendchar
 .text.host_set_driver
                0x00000000000044c2        0xa .build/obj_nullbitsco_scramble_v1_carterhanks_2/protocol/host.o
                0x00000000000044c2                host_set_driver
 .text.host_keyboard_leds
                0x00000000000044cc       0x1a .build/obj_nullbitsco_scramble_v1_carterhanks_2/protocol/host.o
                0x00000000000044cc                host_keyboard_leds
 .text.host_keyboard_send
                0x00000000000044e6       0x16 .build/obj_nullbitsco_scramble_v1_carterhanks_2/protocol/host.o
                0x00000000000044e6                host_keyboard_send
 .text.host_mouse_send
                0x00000000000044fc       0x1c .build/obj_nullbitsco_scramble_v1_carterhanks_2/protocol/host.o
                0x00000000000044fc                host_mouse_send
 .text.host_system_send
                0x0000000000004518       0x4a .build/obj_nullbitsco_scramble_v1_carterhanks_2/protocol/host.o
                0x0000000000004518                host_system_send
 .text.host_consumer_send
                0x0000000000004562       0x4a .build/obj_nullbitsco_scramble_v1_carterhanks_2/protocol/host.o
                0x0000000000004562                host_consumer_send
 .text.has_anykey
                0x00000000000045ac       0x24 .build/obj_nullbitsco_scramble_v1_carterhanks_2/protocol/report.o
                0x00000000000045ac                has_anykey
 .text.is_key_pressed
                0x00000000000045d0       0x1e .build/obj_nullbitsco_scramble_v1_carterhanks_2/protocol/report.o
                0x00000000000045d0                is_key_pressed
 .text.add_key_byte
                0x00000000000045ee       0x34 .build/obj_nullbitsco_scramble_v1_carterhanks_2/protocol/report.o
                0x00000000000045ee                add_key_byte
 .text.del_key_byte
                0x0000000000004622       0x1a .build/obj_nullbitsco_scramble_v1_carterhanks_2/protocol/report.o
                0x0000000000004622                del_key_byte
 .text.add_key_to_report
                0x000000000000463c        0x6 .build/obj_nullbitsco_scramble_v1_carterhanks_2/protocol/report.o
                0x000000000000463c                add_key_to_report
 .text.del_key_from_report
                0x0000000000004642        0x6 .build/obj_nullbitsco_scramble_v1_carterhanks_2/protocol/report.o
                0x0000000000004642                del_key_from_report
 .text.clear_keys_from_report
                0x0000000000004648        0xe .build/obj_nullbitsco_scramble_v1_carterhanks_2/protocol/report.o
                0x0000000000004648                clear_keys_from_report
 .text.has_mouse_report_changed
                0x0000000000004656       0x14 .build/obj_nullbitsco_scramble_v1_carterhanks_2/protocol/report.o
                0x0000000000004656                has_mouse_report_changed
 .text.suspend_wakeup_init_user
                0x000000000000466a        0x2 .build/obj_nullbitsco_scramble_v1_carterhanks_2/platforms/suspend.o
                0x000000000000466a                suspend_wakeup_init_user
 .text.suspend_power_down_user
                0x000000000000466c        0x2 .build/obj_nullbitsco_scramble_v1_carterhanks_2/platforms/suspend.o
                0x000000000000466c                suspend_power_down_user
 .text.suspend_power_down_kb
                0x000000000000466e        0x6 .build/obj_nullbitsco_scramble_v1_carterhanks_2/platforms/suspend.o
                0x000000000000466e                suspend_power_down_kb
 .text.matrix_power_up
                0x0000000000004674        0x2 .build/obj_nullbitsco_scramble_v1_carterhanks_2/platforms/suspend.o
                0x0000000000004674                matrix_power_up
 .text.matrix_power_down
                0x0000000000004676        0x2 .build/obj_nullbitsco_scramble_v1_carterhanks_2/platforms/suspend.o
                0x0000000000004676                matrix_power_down
 .text.suspend_wakeup_init_kb
                0x0000000000004678        0x6 .build/obj_nullbitsco_scramble_v1_carterhanks_2/platforms/suspend.o
                0x0000000000004678                suspend_wakeup_init_kb
 .text.suspend_wakeup_condition
                0x000000000000467e       0x2a .build/obj_nullbitsco_scramble_v1_carterhanks_2/platforms/suspend.o
                0x000000000000467e                suspend_wakeup_condition
 .text.platform_setup
                0x00000000000046a8        0x2 .build/obj_nullbitsco_scramble_v1_carterhanks_2/platforms/avr/platform.o
                0x00000000000046a8                platform_setup
 .text.__vector_6
                0x00000000000046aa       0x4e .build/obj_nullbitsco_scramble_v1_carterhanks_2/platforms/avr/suspend.o
                0x00000000000046aa                __vector_6
 .text.suspend_power_down
                0x00000000000046f8       0x56 .build/obj_nullbitsco_scramble_v1_carterhanks_2/platforms/avr/suspend.o
                0x00000000000046f8                suspend_power_down
 .text.suspend_wakeup_init
                0x000000000000474e        0xa .build/obj_nullbitsco_scramble_v1_carterhanks_2/platforms/avr/suspend.o
                0x000000000000474e                suspend_wakeup_init
 .text.timer_init
                0x0000000000004758       0x12 .build/obj_nullbitsco_scramble_v1_carterhanks_2/platforms/avr/timer.o
                0x0000000000004758                timer_init
 .text.timer_read
                0x000000000000476a       0x18 .build/obj_nullbitsco_scramble_v1_carterhanks_2/platforms/avr/timer.o
                0x000000000000476a                timer_read
 .text.timer_read32
                0x0000000000004782       0x18 .build/obj_nullbitsco_scramble_v1_carterhanks_2/platforms/avr/timer.o
                0x0000000000004782                timer_read32
 .text.timer_elapsed
                0x000000000000479a       0x1e .build/obj_nullbitsco_scramble_v1_carterhanks_2/platforms/avr/timer.o
                0x000000000000479a                timer_elapsed
 .text.__vector_14
                0x00000000000047b8       0x48 .build/obj_nullbitsco_scramble_v1_carterhanks_2/platforms/avr/timer.o
                0x00000000000047b8                __vector_14
 .text.bootloader_jump
                0x0000000000004800       0x2a .build/obj_nullbitsco_scramble_v1_carterhanks_2/platforms/avr/bootloaders/usbasploader.o
                0x0000000000004800                bootloader_jump
 .text.mcu_reset
                0x000000000000482a       0x16 .build/obj_nullbitsco_scramble_v1_carterhanks_2/platforms/avr/bootloaders/usbasploader.o
                0x000000000000482a                mcu_reset
 .text.protocol_setup
                0x0000000000004840       0x20 .build/obj_nullbitsco_scramble_v1_carterhanks_2/protocol/vusb/protocol.o
                0x0000000000004840                protocol_setup
 .text.protocol_pre_init
                0x0000000000004860       0x22 .build/obj_nullbitsco_scramble_v1_carterhanks_2/protocol/vusb/protocol.o
                0x0000000000004860                protocol_pre_init
 .text.protocol_post_init
                0x0000000000004882       0x1c .build/obj_nullbitsco_scramble_v1_carterhanks_2/protocol/vusb/protocol.o
                0x0000000000004882                protocol_post_init
 .text.protocol_task
                0x000000000000489e       0xc8 .build/obj_nullbitsco_scramble_v1_carterhanks_2/protocol/vusb/protocol.o
                0x000000000000489e                protocol_task
 .text.keyboard_leds
                0x0000000000004966        0x6 .build/obj_nullbitsco_scramble_v1_carterhanks_2/protocol/vusb/vusb.o
 .text.send_extra
                0x000000000000496c       0x10 .build/obj_nullbitsco_scramble_v1_carterhanks_2/protocol/vusb/vusb.o
 .text.send_mouse
                0x000000000000497c       0x10 .build/obj_nullbitsco_scramble_v1_carterhanks_2/protocol/vusb/vusb.o
 .text.vusb_transfer_keyboard
                0x000000000000498c       0x5a .build/obj_nullbitsco_scramble_v1_carterhanks_2/protocol/vusb/vusb.o
                0x000000000000498c                vusb_transfer_keyboard
 .text.send_keyboard
                0x00000000000049e6       0x58 .build/obj_nullbitsco_scramble_v1_carterhanks_2/protocol/vusb/vusb.o
 .text.raw_hid_send
                0x0000000000004a3e       0x54 .build/obj_nullbitsco_scramble_v1_carterhanks_2/protocol/vusb/vusb.o
                0x0000000000004a3e                raw_hid_send
 .text.raw_hid_task
                0x0000000000004a92       0x18 .build/obj_nullbitsco_scramble_v1_carterhanks_2/protocol/vusb/vusb.o
                0x0000000000004a92                raw_hid_task
 .text.vusb_driver
                0x0000000000004aaa        0x6 .build/obj_nullbitsco_scramble_v1_carterhanks_2/protocol/vusb/vusb.o
                0x0000000000004aaa                vusb_driver
 .text.usbFunctionSetup
                0x0000000000004ab0       0x76 .build/obj_nullbitsco_scramble_v1_carterhanks_2/protocol/vusb/vusb.o
                0x0000000000004ab0                usbFunctionSetup
 .text.usbFunctionWrite
                0x0000000000004b26       0x2a .build/obj_nullbitsco_scramble_v1_carterhanks_2/protocol/vusb/vusb.o
                0x0000000000004b26                usbFunctionWrite
 .text.usbFunctionWriteOut
                0x0000000000004b50       0x30 .build/obj_nullbitsco_scramble_v1_carterhanks_2/protocol/vusb/vusb.o
                0x0000000000004b50                usbFunctionWriteOut
 .text.usbFunctionDescriptor
                0x0000000000004b80       0xdc .build/obj_nullbitsco_scramble_v1_carterhanks_2/protocol/vusb/vusb.o
                0x0000000000004b80                usbFunctionDescriptor
 .text.usbGenericSetInterrupt
                0x0000000000004c5c       0x52 .build/obj_nullbitsco_scramble_v1_carterhanks_2/lib/vusb/usbdrv/usbdrv.o
 .text.usbSetInterrupt
                0x0000000000004cae        0xa .build/obj_nullbitsco_scramble_v1_carterhanks_2/lib/vusb/usbdrv/usbdrv.o
                0x0000000000004cae                usbSetInterrupt
 .text.usbSetInterrupt3
                0x0000000000004cb8        0xa .build/obj_nullbitsco_scramble_v1_carterhanks_2/lib/vusb/usbdrv/usbdrv.o
                0x0000000000004cb8                usbSetInterrupt3
 .text.usbSetInterrupt4
                0x0000000000004cc2        0xa .build/obj_nullbitsco_scramble_v1_carterhanks_2/lib/vusb/usbdrv/usbdrv.o
                0x0000000000004cc2                usbSetInterrupt4
 .text.usbPoll  0x0000000000004ccc      0x1e0 .build/obj_nullbitsco_scramble_v1_carterhanks_2/lib/vusb/usbdrv/usbdrv.o
                0x0000000000004ccc                usbPoll
 .text.usbInit  0x0000000000004eac       0x36 .build/obj_nullbitsco_scramble_v1_carterhanks_2/lib/vusb/usbdrv/usbdrv.o
                0x0000000000004eac                usbInit
 .text.libgcc.div
                0x0000000000004ee2       0x18 c:/qmk_msys/mingw64/bin/../lib/gcc/avr/8.5.0/avr5\libgcc.a(_udivmodqi4.o)
                0x0000000000004ee2                __udivmodqi4
 .text.libgcc.div
                0x0000000000004efa       0x28 c:/qmk_msys/mingw64/bin/../lib/gcc/avr/8.5.0/avr5\libgcc.a(_udivmodhi4.o)
                0x0000000000004efa                __udivmodhi4
 .text.libgcc.div
                0x0000000000004f22       0x28 c:/qmk_msys/mingw64/bin/../lib/gcc/avr/8.5.0/avr5\libgcc.a(_divmodhi4.o)
                0x0000000000004f22                _div
                0x0000000000004f22                __divmodhi4
 .text.libgcc   0x0000000000004f4a        0xc c:/qmk_msys/mingw64/bin/../lib/gcc/avr/8.5.0/avr5\libgcc.a(_tablejump2.o)
                0x0000000000004f4a                __tablejump2__
 .text.libgcc.builtins
                0x0000000000004f56        0xe c:/qmk_msys/mingw64/bin/../lib/gcc/avr/8.5.0/avr5\libgcc.a(_bswapsi2.o)
                0x0000000000004f56                __bswapsi2
 .text.libgcc.prologue
                0x0000000000004f64       0x38 c:/qmk_msys/mingw64/bin/../lib/gcc/avr/8.5.0/avr5\libgcc.a(_prologue.o)
                0x0000000000004f64                __prologue_saves__
 .text.libgcc.prologue
                0x0000000000004f9c       0x36 c:/qmk_msys/mingw64/bin/../lib/gcc/avr/8.5.0/avr5\libgcc.a(_epilogue.o)
                0x0000000000004f9c                __epilogue_restores__
 .text.avr-libc
                0x0000000000004fd2       0x12 c:/qmk_msys/mingw64/bin/../lib/gcc/avr/8.5.0/../../../../avr/lib/avr5\libc.a(memcpy_P.o)
                0x0000000000004fd2                memcpy_P
 .text.avr-libc
                0x0000000000004fe4       0x1a c:/qmk_msys/mingw64/bin/../lib/gcc/avr/8.5.0/../../../../avr/lib/avr5\libc.a(memcmp.o)
                0x0000000000004fe4                memcmp
 .text.avr-libc
                0x0000000000004ffe       0x12 c:/qmk_msys/mingw64/bin/../lib/gcc/avr/8.5.0/../../../../avr/lib/avr5\libc.a(memcpy.o)
                0x0000000000004ffe                memcpy
 .text.avr-libc
                0x0000000000005010       0x10 c:/qmk_msys/mingw64/bin/../lib/gcc/avr/8.5.0/../../../../avr/lib/avr5\libatmega328p.a(eerd_byte.o)
                0x0000000000005010                eeprom_read_byte
 .text.avr-libc
                0x0000000000005020        0xc c:/qmk_msys/mingw64/bin/../lib/gcc/avr/8.5.0/../../../../avr/lib/avr5\libatmega328p.a(eerd_word.o)
                0x0000000000005020                eeprom_read_word
 .text.avr-libc
                0x000000000000502c       0x24 c:/qmk_msys/mingw64/bin/../lib/gcc/avr/8.5.0/../../../../avr/lib/avr5\libatmega328p.a(eeupd_byte.o)
                0x000000000000502c                eeprom_update_byte
                0x000000000000502e                eeprom_update_r18
 .text.avr-libc
                0x0000000000005050       0x18 c:/qmk_msys/mingw64/bin/../lib/gcc/avr/8.5.0/../../../../avr/lib/avr5\libatmega328p.a(eeupd_dword.o)
                0x0000000000005050                eeprom_update_float
                0x0000000000005050                eeprom_update_dword
 .text.avr-libc
                0x0000000000005068        0xc c:/qmk_msys/mingw64/bin/../lib/gcc/avr/8.5.0/../../../../avr/lib/avr5\libatmega328p.a(eeupd_word.o)
                0x0000000000005068                eeprom_update_word
 .text.avr-libc
                0x0000000000005074       0x20 c:/qmk_msys/mingw64/bin/../lib/gcc/avr/8.5.0/../../../../avr/lib/avr5\libatmega328p.a(eerd_block.o)
                0x0000000000005074                eeprom_read_block
                0x0000000000005078                eeprom_read_blraw
                0x0000000000005094                . = ALIGN (0x2)
 *(.fini9)
 .fini9         0x0000000000005094        0x0 c:/qmk_msys/mingw64/bin/../lib/gcc/avr/8.5.0/avr5\libgcc.a(_exit.o)
                0x0000000000005094                _exit
                0x0000000000005094                exit
 *(.fini9)
 *(.fini8)
 *(.fini8)
 *(.fini7)
 *(.fini7)
 *(.fini6)
 *(.fini6)
 *(.fini5)
 *(.fini5)
 *(.fini4)
 *(.fini4)
 *(.fini3)
 *(.fini3)
 *(.fini2)
 *(.fini2)
 *(.fini1)
 *(.fini1)
 *(.fini0)
 .fini0         0x0000000000005094        0x4 c:/qmk_msys/mingw64/bin/../lib/gcc/avr/8.5.0/avr5\libgcc.a(_exit.o)
 *(.fini0)
 *(.hightext)
 *(.hightext*)
 *(.progmemx.*)
                0x0000000000005098                . = ALIGN (0x2)
 *(.jumptables)
 *(.jumptables*)
 .jumptables.gcc.process_action
                0x0000000000005098       0x18 .build/obj_nullbitsco_scramble_v1_carterhanks_2/quantum/action.o
 .jumptables.gcc.raw_hid_receive
                0x00000000000050b0       0x26 .build/obj_nullbitsco_scramble_v1_carterhanks_2/quantum/via.o
 .jumptables.gcc.process_magic
                0x00000000000050d6       0x44 .build/obj_nullbitsco_scramble_v1_carterhanks_2/quantum/process_keycode/process_magic.o
 .jumptables.gcc.process_space_cadet
                0x000000000000511a        0xe .build/obj_nullbitsco_scramble_v1_carterhanks_2/quantum/process_keycode/process_space_cadet.o
                0x0000000000005128                _etext = .

.data           0x0000000000800100       0xae load address 0x0000000000005128
                0x0000000000800100                PROVIDE (__data_start = .)
 *(.data)
 *(.data*)
 .data.keyboard_report
                0x0000000000800100        0x2 .build/obj_nullbitsco_scramble_v1_carterhanks_2/quantum/action_util.o
                0x0000000000800100                keyboard_report
 .data.mk_wheel_time_to_max
                0x0000000000800102        0x1 .build/obj_nullbitsco_scramble_v1_carterhanks_2/quantum/mousekey.o
                0x0000000000800102                mk_wheel_time_to_max
 .data.mk_wheel_max_speed
                0x0000000000800103        0x1 .build/obj_nullbitsco_scramble_v1_carterhanks_2/quantum/mousekey.o
                0x0000000000800103                mk_wheel_max_speed
 .data.mk_wheel_interval
                0x0000000000800104        0x1 .build/obj_nullbitsco_scramble_v1_carterhanks_2/quantum/mousekey.o
                0x0000000000800104                mk_wheel_interval
 .data.mk_wheel_delay
                0x0000000000800105        0x1 .build/obj_nullbitsco_scramble_v1_carterhanks_2/quantum/mousekey.o
                0x0000000000800105                mk_wheel_delay
 .data.mk_time_to_max
                0x0000000000800106        0x1 .build/obj_nullbitsco_scramble_v1_carterhanks_2/quantum/mousekey.o
                0x0000000000800106                mk_time_to_max
 .data.mk_max_speed
                0x0000000000800107        0x1 .build/obj_nullbitsco_scramble_v1_carterhanks_2/quantum/mousekey.o
                0x0000000000800107                mk_max_speed
 .data.mk_interval
                0x0000000000800108        0x1 .build/obj_nullbitsco_scramble_v1_carterhanks_2/quantum/mousekey.o
                0x0000000000800108                mk_interval
 .data.mk_delay
                0x0000000000800109        0x1 .build/obj_nullbitsco_scramble_v1_carterhanks_2/quantum/mousekey.o
                0x0000000000800109                mk_delay
 .data.display_start.2177
                0x000000000080010a        0x7 .build/obj_nullbitsco_scramble_v1_carterhanks_2/ssd1306_sh1106.o
 .data.tri_layer_adjust_layer
                0x0000000000800111        0x1 .build/obj_nullbitsco_scramble_v1_carterhanks_2/quantum/tri_layer.o
 .data.tri_layer_upper_layer
                0x0000000000800112        0x1 .build/obj_nullbitsco_scramble_v1_carterhanks_2/quantum/tri_layer.o
 .data.tri_layer_lower_layer
                0x0000000000800113        0x1 .build/obj_nullbitsco_scramble_v1_carterhanks_2/quantum/tri_layer.o
 .data.driver   0x0000000000800114        0x8 .build/obj_nullbitsco_scramble_v1_carterhanks_2/protocol/vusb/vusb.o
 .data.usbMsgLen
                0x000000000080011c        0x1 .build/obj_nullbitsco_scramble_v1_carterhanks_2/lib/vusb/usbdrv/usbdrv.o
 .data.usbTxLen
                0x000000000080011d        0x1 .build/obj_nullbitsco_scramble_v1_carterhanks_2/lib/vusb/usbdrv/usbdrv.o
                0x000000000080011d                usbTxLen
 *(.gnu.linkonce.d*)
 *(.rodata)
 *(.rodata*)
 .rodata.CSWTCH.14
                0x000000000080011e       0x36 .build/obj_nullbitsco_scramble_v1_carterhanks_2/quantum/action.o
 .rodata.CSWTCH.13
                0x0000000000800154        0x3 .build/obj_nullbitsco_scramble_v1_carterhanks_2/quantum/action.o
 .rodata.CSWTCH.2
                0x0000000000800157       0x36 .build/obj_nullbitsco_scramble_v1_carterhanks_2/quantum/keymap_common.o
 .rodata.CSWTCH.1
                0x000000000080018d        0x3 .build/obj_nullbitsco_scramble_v1_carterhanks_2/quantum/keymap_common.o
 .rodata.direct_pins
                0x0000000000800190        0x6 .build/obj_nullbitsco_scramble_v1_carterhanks_2/quantum/matrix.o
 .rodata.source_map.2178
                0x0000000000800196        0x4 .build/obj_nullbitsco_scramble_v1_carterhanks_2/ssd1306_sh1106.o
 .rodata.target_map.2179
                0x000000000080019a        0x4 .build/obj_nullbitsco_scramble_v1_carterhanks_2/ssd1306_sh1106.o
 .rodata.encoder_LUT
                0x000000000080019e       0x10 .build/obj_nullbitsco_scramble_v1_carterhanks_2/quantum/encoder.o
 *(.gnu.linkonce.r*)
                0x00000000008001ae                . = ALIGN (0x2)
                0x00000000008001ae                _edata = .
                0x00000000008001ae                PROVIDE (__data_end = .)

.bss            0x00000000008001ae      0x3c3
                0x00000000008001ae                PROVIDE (__bss_start = .)
 *(.bss)
 .bss           0x00000000008001ae        0x2 .build/obj_nullbitsco_scramble_v1_carterhanks_2/platforms/avr/xprintf.o
                0x00000000008001ae                xfunc_out
 *(.bss*)
 .bss._encoderVolumeEnabled
                0x00000000008001b0        0x1 .build/obj_nullbitsco_scramble_v1_carterhanks_2/quantum/keymap_introspection.o
                0x00000000008001b0                _encoderVolumeEnabled
 .bss._currentLayer
                0x00000000008001b1        0x1 .build/obj_nullbitsco_scramble_v1_carterhanks_2/quantum/keymap_introspection.o
                0x00000000008001b1                _currentLayer
 .bss.last_led_status.3369
                0x00000000008001b2        0x1 .build/obj_nullbitsco_scramble_v1_carterhanks_2/quantum/led.o
 .bss.last_led_modification_time
                0x00000000008001b3        0x4 .build/obj_nullbitsco_scramble_v1_carterhanks_2/quantum/led.o
 .bss.disable_action_cache
                0x00000000008001b7        0x1 .build/obj_nullbitsco_scramble_v1_carterhanks_2/quantum/action.o
                0x00000000008001b7                disable_action_cache
 .bss.source_layers_cache
                0x00000000008001b8        0x3 .build/obj_nullbitsco_scramble_v1_carterhanks_2/quantum/action_layer.o
                0x00000000008001b8                source_layers_cache
 .bss.layer_state
                0x00000000008001bb        0x1 .build/obj_nullbitsco_scramble_v1_carterhanks_2/quantum/action_layer.o
                0x00000000008001bb                layer_state
 .bss.default_layer_state
                0x00000000008001bc        0x1 .build/obj_nullbitsco_scramble_v1_carterhanks_2/quantum/action_layer.o
                0x00000000008001bc                default_layer_state
 .bss.waiting_buffer_tail
                0x00000000008001bd        0x1 .build/obj_nullbitsco_scramble_v1_carterhanks_2/quantum/action_tapping.o
 .bss.waiting_buffer_head
                0x00000000008001be        0x1 .build/obj_nullbitsco_scramble_v1_carterhanks_2/quantum/action_tapping.o
 .bss.waiting_buffer
                0x00000000008001bf       0x30 .build/obj_nullbitsco_scramble_v1_carterhanks_2/quantum/action_tapping.o
 .bss.tapping_key
                0x00000000008001ef        0x6 .build/obj_nullbitsco_scramble_v1_carterhanks_2/quantum/action_tapping.o
 .bss.oneshot_layer_data
                0x00000000008001f5        0x1 .build/obj_nullbitsco_scramble_v1_carterhanks_2/quantum/action_util.o
 .bss.oneshot_mods
                0x00000000008001f6        0x1 .build/obj_nullbitsco_scramble_v1_carterhanks_2/quantum/action_util.o
 .bss.__compound_literal.0
                0x00000000008001f7        0x8 .build/obj_nullbitsco_scramble_v1_carterhanks_2/quantum/action_util.o
 .bss.weak_mods
                0x00000000008001ff        0x1 .build/obj_nullbitsco_scramble_v1_carterhanks_2/quantum/action_util.o
 .bss.real_mods
                0x0000000000800200        0x1 .build/obj_nullbitsco_scramble_v1_carterhanks_2/quantum/action_util.o
 .bss.last_tick.4836
                0x0000000000800201        0x2 .build/obj_nullbitsco_scramble_v1_carterhanks_2/quantum/keyboard.o
 .bss.matrix_previous.4843
                0x0000000000800203        0x2 .build/obj_nullbitsco_scramble_v1_carterhanks_2/quantum/keyboard.o
 .bss.last_encoder_modification_time
                0x0000000000800205        0x4 .build/obj_nullbitsco_scramble_v1_carterhanks_2/quantum/keyboard.o
 .bss.last_matrix_modification_time
                0x0000000000800209        0x4 .build/obj_nullbitsco_scramble_v1_carterhanks_2/quantum/keyboard.o
 .bss.last_input_modification_time
                0x000000000080020d        0x4 .build/obj_nullbitsco_scramble_v1_carterhanks_2/quantum/keyboard.o
 .bss.debug_config
                0x0000000000800211        0x1 .build/obj_nullbitsco_scramble_v1_carterhanks_2/quantum/logging/debug.o
                0x0000000000800211                debug_config
 .bss.debouncing_time
                0x0000000000800212        0x2 .build/obj_nullbitsco_scramble_v1_carterhanks_2/quantum/debounce/sym_defer_g.o
 .bss.debouncing
                0x0000000000800214        0x1 .build/obj_nullbitsco_scramble_v1_carterhanks_2/quantum/debounce/sym_defer_g.o
 .bss.last_timer_w
                0x0000000000800215        0x2 .build/obj_nullbitsco_scramble_v1_carterhanks_2/quantum/mousekey.o
 .bss.last_timer_c
                0x0000000000800217        0x2 .build/obj_nullbitsco_scramble_v1_carterhanks_2/quantum/mousekey.o
 .bss.mousekey_wheel_repeat
                0x0000000000800219        0x1 .build/obj_nullbitsco_scramble_v1_carterhanks_2/quantum/mousekey.o
 .bss.mousekey_repeat
                0x000000000080021a        0x1 .build/obj_nullbitsco_scramble_v1_carterhanks_2/quantum/mousekey.o
 .bss.mousekey_accel
                0x000000000080021b        0x1 .build/obj_nullbitsco_scramble_v1_carterhanks_2/quantum/mousekey.o
 .bss.mouse_report
                0x000000000080021c        0x6 .build/obj_nullbitsco_scramble_v1_carterhanks_2/quantum/mousekey.o
 .bss.oled_temp_buffer.2210
                0x0000000000800222        0x6 .build/obj_nullbitsco_scramble_v1_carterhanks_2/ssd1306_sh1106.o
 .bss.temp_buffer.2180
                0x0000000000800228       0x20 .build/obj_nullbitsco_scramble_v1_carterhanks_2/ssd1306_sh1106.o
 .bss.oled_rotation_width
                0x0000000000800248        0x1 .build/obj_nullbitsco_scramble_v1_carterhanks_2/ssd1306_sh1106.o
                0x0000000000800248                oled_rotation_width
 .bss.oled_rotation
                0x0000000000800249        0x1 .build/obj_nullbitsco_scramble_v1_carterhanks_2/ssd1306_sh1106.o